Archive member included to satisfy reference by file (symbol)

c:/st/stm32cubeide_1.9.0/stm32cubeide/plugins/com.st.stm32cube.ide.mcu.externaltools.gnu-tools-for-stm32.10.3-2021.10.win32_1.0.0.202111181127/tools/bin/../lib/gcc/arm-none-eabi/10.3.1/../../../../arm-none-eabi/lib/thumb/v7-m/nofp\libc_nano.a(lib_a-exit.o)
                              c:/st/stm32cubeide_1.9.0/stm32cubeide/plugins/com.st.stm32cube.ide.mcu.externaltools.gnu-tools-for-stm32.10.3-2021.10.win32_1.0.0.202111181127/tools/bin/../lib/gcc/arm-none-eabi/10.3.1/../../../../arm-none-eabi/lib/thumb/v7-m/nofp/crt0.o (exit)
c:/st/stm32cubeide_1.9.0/stm32cubeide/plugins/com.st.stm32cube.ide.mcu.externaltools.gnu-tools-for-stm32.10.3-2021.10.win32_1.0.0.202111181127/tools/bin/../lib/gcc/arm-none-eabi/10.3.1/../../../../arm-none-eabi/lib/thumb/v7-m/nofp\libc_nano.a(lib_a-impure.o)
                              c:/st/stm32cubeide_1.9.0/stm32cubeide/plugins/com.st.stm32cube.ide.mcu.externaltools.gnu-tools-for-stm32.10.3-2021.10.win32_1.0.0.202111181127/tools/bin/../lib/gcc/arm-none-eabi/10.3.1/../../../../arm-none-eabi/lib/thumb/v7-m/nofp\libc_nano.a(lib_a-exit.o) (_global_impure_ptr)
c:/st/stm32cubeide_1.9.0/stm32cubeide/plugins/com.st.stm32cube.ide.mcu.externaltools.gnu-tools-for-stm32.10.3-2021.10.win32_1.0.0.202111181127/tools/bin/../lib/gcc/arm-none-eabi/10.3.1/../../../../arm-none-eabi/lib/thumb/v7-m/nofp\libc_nano.a(lib_a-init.o)
                              c:/st/stm32cubeide_1.9.0/stm32cubeide/plugins/com.st.stm32cube.ide.mcu.externaltools.gnu-tools-for-stm32.10.3-2021.10.win32_1.0.0.202111181127/tools/bin/../lib/gcc/arm-none-eabi/10.3.1/../../../../arm-none-eabi/lib/thumb/v7-m/nofp/crt0.o (__libc_init_array)
c:/st/stm32cubeide_1.9.0/stm32cubeide/plugins/com.st.stm32cube.ide.mcu.externaltools.gnu-tools-for-stm32.10.3-2021.10.win32_1.0.0.202111181127/tools/bin/../lib/gcc/arm-none-eabi/10.3.1/../../../../arm-none-eabi/lib/thumb/v7-m/nofp\libc_nano.a(lib_a-memset.o)
                              c:/st/stm32cubeide_1.9.0/stm32cubeide/plugins/com.st.stm32cube.ide.mcu.externaltools.gnu-tools-for-stm32.10.3-2021.10.win32_1.0.0.202111181127/tools/bin/../lib/gcc/arm-none-eabi/10.3.1/../../../../arm-none-eabi/lib/thumb/v7-m/nofp/crt0.o (memset)
c:/st/stm32cubeide_1.9.0/stm32cubeide/plugins/com.st.stm32cube.ide.mcu.externaltools.gnu-tools-for-stm32.10.3-2021.10.win32_1.0.0.202111181127/tools/bin/../lib/gcc/arm-none-eabi/10.3.1/../../../../arm-none-eabi/lib/thumb/v7-m/nofp\libnosys.a(_exit.o)
                              c:/st/stm32cubeide_1.9.0/stm32cubeide/plugins/com.st.stm32cube.ide.mcu.externaltools.gnu-tools-for-stm32.10.3-2021.10.win32_1.0.0.202111181127/tools/bin/../lib/gcc/arm-none-eabi/10.3.1/../../../../arm-none-eabi/lib/thumb/v7-m/nofp\libc_nano.a(lib_a-exit.o) (_exit)

Discarded input sections

 .text          0x0000000000000000        0x0 c:/st/stm32cubeide_1.9.0/stm32cubeide/plugins/com.st.stm32cube.ide.mcu.externaltools.gnu-tools-for-stm32.10.3-2021.10.win32_1.0.0.202111181127/tools/bin/../lib/gcc/arm-none-eabi/10.3.1/thumb/v7-m/nofp/crti.o
 .data          0x0000000000000000        0x0 c:/st/stm32cubeide_1.9.0/stm32cubeide/plugins/com.st.stm32cube.ide.mcu.externaltools.gnu-tools-for-stm32.10.3-2021.10.win32_1.0.0.202111181127/tools/bin/../lib/gcc/arm-none-eabi/10.3.1/thumb/v7-m/nofp/crti.o
 .bss           0x0000000000000000        0x0 c:/st/stm32cubeide_1.9.0/stm32cubeide/plugins/com.st.stm32cube.ide.mcu.externaltools.gnu-tools-for-stm32.10.3-2021.10.win32_1.0.0.202111181127/tools/bin/../lib/gcc/arm-none-eabi/10.3.1/thumb/v7-m/nofp/crti.o
 .data          0x0000000000000000        0x4 c:/st/stm32cubeide_1.9.0/stm32cubeide/plugins/com.st.stm32cube.ide.mcu.externaltools.gnu-tools-for-stm32.10.3-2021.10.win32_1.0.0.202111181127/tools/bin/../lib/gcc/arm-none-eabi/10.3.1/thumb/v7-m/nofp/crtbegin.o
 .rodata        0x0000000000000000       0x24 c:/st/stm32cubeide_1.9.0/stm32cubeide/plugins/com.st.stm32cube.ide.mcu.externaltools.gnu-tools-for-stm32.10.3-2021.10.win32_1.0.0.202111181127/tools/bin/../lib/gcc/arm-none-eabi/10.3.1/thumb/v7-m/nofp/crtbegin.o
 .text          0x0000000000000000       0x7c c:/st/stm32cubeide_1.9.0/stm32cubeide/plugins/com.st.stm32cube.ide.mcu.externaltools.gnu-tools-for-stm32.10.3-2021.10.win32_1.0.0.202111181127/tools/bin/../lib/gcc/arm-none-eabi/10.3.1/../../../../arm-none-eabi/lib/thumb/v7-m/nofp/crt0.o
 .data          0x0000000000000000        0x0 c:/st/stm32cubeide_1.9.0/stm32cubeide/plugins/com.st.stm32cube.ide.mcu.externaltools.gnu-tools-for-stm32.10.3-2021.10.win32_1.0.0.202111181127/tools/bin/../lib/gcc/arm-none-eabi/10.3.1/../../../../arm-none-eabi/lib/thumb/v7-m/nofp/crt0.o
 .bss           0x0000000000000000        0x0 c:/st/stm32cubeide_1.9.0/stm32cubeide/plugins/com.st.stm32cube.ide.mcu.externaltools.gnu-tools-for-stm32.10.3-2021.10.win32_1.0.0.202111181127/tools/bin/../lib/gcc/arm-none-eabi/10.3.1/../../../../arm-none-eabi/lib/thumb/v7-m/nofp/crt0.o
 .ARM.extab     0x0000000000000000        0x0 c:/st/stm32cubeide_1.9.0/stm32cubeide/plugins/com.st.stm32cube.ide.mcu.externaltools.gnu-tools-for-stm32.10.3-2021.10.win32_1.0.0.202111181127/tools/bin/../lib/gcc/arm-none-eabi/10.3.1/../../../../arm-none-eabi/lib/thumb/v7-m/nofp/crt0.o
 .ARM.exidx     0x0000000000000000       0x10 c:/st/stm32cubeide_1.9.0/stm32cubeide/plugins/com.st.stm32cube.ide.mcu.externaltools.gnu-tools-for-stm32.10.3-2021.10.win32_1.0.0.202111181127/tools/bin/../lib/gcc/arm-none-eabi/10.3.1/../../../../arm-none-eabi/lib/thumb/v7-m/nofp/crt0.o
 .ARM.attributes
                0x0000000000000000       0x1b c:/st/stm32cubeide_1.9.0/stm32cubeide/plugins/com.st.stm32cube.ide.mcu.externaltools.gnu-tools-for-stm32.10.3-2021.10.win32_1.0.0.202111181127/tools/bin/../lib/gcc/arm-none-eabi/10.3.1/../../../../arm-none-eabi/lib/thumb/v7-m/nofp/crt0.o
 .group         0x0000000000000000        0xc ./Src/project3.o
 .group         0x0000000000000000        0xc ./Src/project3.o
 .group         0x0000000000000000        0xc ./Src/project3.o
 .group         0x0000000000000000        0xc ./Src/project3.o
 .group         0x0000000000000000        0xc ./Src/project3.o
 .group         0x0000000000000000        0xc ./Src/project3.o
 .group         0x0000000000000000        0xc ./Src/project3.o
 .group         0x0000000000000000        0xc ./Src/project3.o
 .group         0x0000000000000000        0xc ./Src/project3.o
 .group         0x0000000000000000        0xc ./Src/project3.o
 .group         0x0000000000000000        0xc ./Src/project3.o
 .group         0x0000000000000000        0xc ./Src/project3.o
 .group         0x0000000000000000        0xc ./Src/project3.o
 .group         0x0000000000000000        0xc ./Src/project3.o
 .group         0x0000000000000000        0xc ./Src/project3.o
 .group         0x0000000000000000        0xc ./Src/project3.o
 .group         0x0000000000000000        0xc ./Src/project3.o
 .group         0x0000000000000000        0xc ./Src/project3.o
 .group         0x0000000000000000        0xc ./Src/project3.o
 .group         0x0000000000000000        0xc ./Src/project3.o
 .group         0x0000000000000000        0xc ./Src/project3.o
 .group         0x0000000000000000        0xc ./Src/project3.o
 .group         0x0000000000000000        0xc ./Src/project3.o
 .group         0x0000000000000000        0xc ./Src/project3.o
 .group         0x0000000000000000        0xc ./Src/project3.o
 .group         0x0000000000000000        0xc ./Src/project3.o
 .group         0x0000000000000000        0xc ./Src/project3.o
 .group         0x0000000000000000        0xc ./Src/project3.o
 .group         0x0000000000000000        0xc ./Src/project3.o
 .group         0x0000000000000000        0xc ./Src/project3.o
 .group         0x0000000000000000        0xc ./Src/project3.o
 .group         0x0000000000000000        0xc ./Src/project3.o
 .group         0x0000000000000000        0xc ./Src/project3.o
 .group         0x0000000000000000        0xc ./Src/project3.o
 .group         0x0000000000000000        0xc ./Src/project3.o
 .group         0x0000000000000000        0xc ./Src/project3.o
 .group         0x0000000000000000        0xc ./Src/project3.o
 .group         0x0000000000000000        0xc ./Src/project3.o
 .group         0x0000000000000000        0xc ./Src/project3.o
 .group         0x0000000000000000        0xc ./Src/project3.o
 .group         0x0000000000000000        0xc ./Src/project3.o
 .group         0x0000000000000000        0xc ./Src/project3.o
 .group         0x0000000000000000        0xc ./Src/project3.o
 .group         0x0000000000000000        0xc ./Src/project3.o
 .text          0x0000000000000000        0x0 ./Src/project3.o
 .data          0x0000000000000000        0x0 ./Src/project3.o
 .bss           0x0000000000000000        0x0 ./Src/project3.o
 .text          0x0000000000000000       0x14 ./Startup/startup_stm32f103rbtx.o
 .data          0x0000000000000000        0x0 ./Startup/startup_stm32f103rbtx.o
 .bss           0x0000000000000000        0x0 ./Startup/startup_stm32f103rbtx.o
 .group         0x0000000000000000        0xc ./driver/Src/driver_gpio.o
 .group         0x0000000000000000        0xc ./driver/Src/driver_gpio.o
 .group         0x0000000000000000        0xc ./driver/Src/driver_gpio.o
 .group         0x0000000000000000        0xc ./driver/Src/driver_gpio.o
 .group         0x0000000000000000        0xc ./driver/Src/driver_gpio.o
 .group         0x0000000000000000        0xc ./driver/Src/driver_gpio.o
 .group         0x0000000000000000        0xc ./driver/Src/driver_gpio.o
 .group         0x0000000000000000        0xc ./driver/Src/driver_gpio.o
 .group         0x0000000000000000        0xc ./driver/Src/driver_gpio.o
 .group         0x0000000000000000        0xc ./driver/Src/driver_gpio.o
 .group         0x0000000000000000        0xc ./driver/Src/driver_gpio.o
 .group         0x0000000000000000        0xc ./driver/Src/driver_gpio.o
 .group         0x0000000000000000        0xc ./driver/Src/driver_gpio.o
 .text          0x0000000000000000        0x0 ./driver/Src/driver_gpio.o
 .data          0x0000000000000000        0x0 ./driver/Src/driver_gpio.o
 .bss           0x0000000000000000        0x0 ./driver/Src/driver_gpio.o
 .text.gpio_deinit
                0x0000000000000000       0xd4 ./driver/Src/driver_gpio.o
 .text.gpio_exti_config
                0x0000000000000000      0x2d0 ./driver/Src/driver_gpio.o
 .text.gpio_irq_init
                0x0000000000000000       0x74 ./driver/Src/driver_gpio.o
 .text.gpio_read_pin
                0x0000000000000000       0x2e ./driver/Src/driver_gpio.o
 .text.gpio_write_pin
                0x0000000000000000       0x48 ./driver/Src/driver_gpio.o
 .text.gpio_toggle_pin
                0x0000000000000000       0x50 ./driver/Src/driver_gpio.o
 .debug_macro   0x0000000000000000      0xa78 ./driver/Src/driver_gpio.o
 .debug_macro   0x0000000000000000       0x22 ./driver/Src/driver_gpio.o
 .debug_macro   0x0000000000000000       0x8e ./driver/Src/driver_gpio.o
 .debug_macro   0x0000000000000000       0x51 ./driver/Src/driver_gpio.o
 .debug_macro   0x0000000000000000      0x103 ./driver/Src/driver_gpio.o
 .debug_macro   0x0000000000000000       0x6a ./driver/Src/driver_gpio.o
 .debug_macro   0x0000000000000000      0x1df ./driver/Src/driver_gpio.o
 .debug_macro   0x0000000000000000      0x313 ./driver/Src/driver_gpio.o
 .debug_macro   0x0000000000000000       0x7c ./driver/Src/driver_gpio.o
 .debug_macro   0x0000000000000000       0xca ./driver/Src/driver_gpio.o
 .debug_macro   0x0000000000000000       0x88 ./driver/Src/driver_gpio.o
 .debug_macro   0x0000000000000000       0x1c ./driver/Src/driver_gpio.o
 .debug_macro   0x0000000000000000       0x28 ./driver/Src/driver_gpio.o
 .group         0x0000000000000000        0xc ./driver/Src/driver_i2c.o
 .group         0x0000000000000000        0xc ./driver/Src/driver_i2c.o
 .group         0x0000000000000000        0xc ./driver/Src/driver_i2c.o
 .group         0x0000000000000000        0xc ./driver/Src/driver_i2c.o
 .group         0x0000000000000000        0xc ./driver/Src/driver_i2c.o
 .group         0x0000000000000000        0xc ./driver/Src/driver_i2c.o
 .group         0x0000000000000000        0xc ./driver/Src/driver_i2c.o
 .group         0x0000000000000000        0xc ./driver/Src/driver_i2c.o
 .group         0x0000000000000000        0xc ./driver/Src/driver_i2c.o
 .group         0x0000000000000000        0xc ./driver/Src/driver_i2c.o
 .group         0x0000000000000000        0xc ./driver/Src/driver_i2c.o
 .group         0x0000000000000000        0xc ./driver/Src/driver_i2c.o
 .group         0x0000000000000000        0xc ./driver/Src/driver_i2c.o
 .text          0x0000000000000000        0x0 ./driver/Src/driver_i2c.o
 .data          0x0000000000000000        0x0 ./driver/Src/driver_i2c.o
 .bss           0x0000000000000000        0x0 ./driver/Src/driver_i2c.o
 .text.i2c_clock_ctl
                0x0000000000000000       0x3c ./driver/Src/driver_i2c.o
 .text.i2c_master_init
                0x0000000000000000       0x80 ./driver/Src/driver_i2c.o
 .text.i2c_slave_init
                0x0000000000000000       0x70 ./driver/Src/driver_i2c.o
 .text.i2c_master_send_data
                0x0000000000000000       0xbe ./driver/Src/driver_i2c.o
 .text.i2c_master_receive
                0x0000000000000000      0x11a ./driver/Src/driver_i2c.o
 .debug_info    0x0000000000000000      0x362 ./driver/Src/driver_i2c.o
 .debug_abbrev  0x0000000000000000      0x100 ./driver/Src/driver_i2c.o
 .debug_aranges
                0x0000000000000000       0x40 ./driver/Src/driver_i2c.o
 .debug_ranges  0x0000000000000000       0x30 ./driver/Src/driver_i2c.o
 .debug_macro   0x0000000000000000       0xd3 ./driver/Src/driver_i2c.o
 .debug_macro   0x0000000000000000      0xa78 ./driver/Src/driver_i2c.o
 .debug_macro   0x0000000000000000       0x22 ./driver/Src/driver_i2c.o
 .debug_macro   0x0000000000000000       0x8e ./driver/Src/driver_i2c.o
 .debug_macro   0x0000000000000000       0x51 ./driver/Src/driver_i2c.o
 .debug_macro   0x0000000000000000      0x103 ./driver/Src/driver_i2c.o
 .debug_macro   0x0000000000000000       0x6a ./driver/Src/driver_i2c.o
 .debug_macro   0x0000000000000000      0x1df ./driver/Src/driver_i2c.o
 .debug_macro   0x0000000000000000      0x313 ./driver/Src/driver_i2c.o
 .debug_macro   0x0000000000000000       0x7c ./driver/Src/driver_i2c.o
 .debug_macro   0x0000000000000000       0xca ./driver/Src/driver_i2c.o
 .debug_macro   0x0000000000000000       0x88 ./driver/Src/driver_i2c.o
 .debug_macro   0x0000000000000000       0x1c ./driver/Src/driver_i2c.o
 .debug_macro   0x0000000000000000       0x28 ./driver/Src/driver_i2c.o
 .debug_line    0x0000000000000000      0x63a ./driver/Src/driver_i2c.o
 .debug_str     0x0000000000000000     0x58bf ./driver/Src/driver_i2c.o
 .comment       0x0000000000000000       0x51 ./driver/Src/driver_i2c.o
 .debug_frame   0x0000000000000000       0xd8 ./driver/Src/driver_i2c.o
 .ARM.attributes
                0x0000000000000000       0x2d ./driver/Src/driver_i2c.o
 .group         0x0000000000000000        0xc ./driver/Src/driver_interrupt.o
 .group         0x0000000000000000        0xc ./driver/Src/driver_interrupt.o
 .group         0x0000000000000000        0xc ./driver/Src/driver_interrupt.o
 .group         0x0000000000000000        0xc ./driver/Src/driver_interrupt.o
 .group         0x0000000000000000        0xc ./driver/Src/driver_interrupt.o
 .group         0x0000000000000000        0xc ./driver/Src/driver_interrupt.o
 .group         0x0000000000000000        0xc ./driver/Src/driver_interrupt.o
 .group         0x0000000000000000        0xc ./driver/Src/driver_interrupt.o
 .group         0x0000000000000000        0xc ./driver/Src/driver_interrupt.o
 .group         0x0000000000000000        0xc ./driver/Src/driver_interrupt.o
 .group         0x0000000000000000        0xc ./driver/Src/driver_interrupt.o
 .group         0x0000000000000000        0xc ./driver/Src/driver_interrupt.o
 .group         0x0000000000000000        0xc ./driver/Src/driver_interrupt.o
 .text          0x0000000000000000        0x0 ./driver/Src/driver_interrupt.o
 .data          0x0000000000000000        0x0 ./driver/Src/driver_interrupt.o
 .bss           0x0000000000000000        0x0 ./driver/Src/driver_interrupt.o
 .text.irq_ctl  0x0000000000000000       0x88 ./driver/Src/driver_interrupt.o
 .text.irq_prio_config
                0x0000000000000000       0x58 ./driver/Src/driver_interrupt.o
 .debug_info    0x0000000000000000      0x142 ./driver/Src/driver_interrupt.o
 .debug_abbrev  0x0000000000000000       0x94 ./driver/Src/driver_interrupt.o
 .debug_aranges
                0x0000000000000000       0x28 ./driver/Src/driver_interrupt.o
 .debug_ranges  0x0000000000000000       0x18 ./driver/Src/driver_interrupt.o
 .debug_macro   0x0000000000000000       0xd3 ./driver/Src/driver_interrupt.o
 .debug_macro   0x0000000000000000      0xa78 ./driver/Src/driver_interrupt.o
 .debug_macro   0x0000000000000000       0x22 ./driver/Src/driver_interrupt.o
 .debug_macro   0x0000000000000000       0x8e ./driver/Src/driver_interrupt.o
 .debug_macro   0x0000000000000000       0x51 ./driver/Src/driver_interrupt.o
 .debug_macro   0x0000000000000000      0x103 ./driver/Src/driver_interrupt.o
 .debug_macro   0x0000000000000000       0x6a ./driver/Src/driver_interrupt.o
 .debug_macro   0x0000000000000000      0x1df ./driver/Src/driver_interrupt.o
 .debug_macro   0x0000000000000000      0x313 ./driver/Src/driver_interrupt.o
 .debug_macro   0x0000000000000000       0x7c ./driver/Src/driver_interrupt.o
 .debug_macro   0x0000000000000000       0xca ./driver/Src/driver_interrupt.o
 .debug_macro   0x0000000000000000       0x88 ./driver/Src/driver_interrupt.o
 .debug_macro   0x0000000000000000       0x1c ./driver/Src/driver_interrupt.o
 .debug_macro   0x0000000000000000       0x28 ./driver/Src/driver_interrupt.o
 .debug_line    0x0000000000000000      0x497 ./driver/Src/driver_interrupt.o
 .debug_str     0x0000000000000000     0x582f ./driver/Src/driver_interrupt.o
 .comment       0x0000000000000000       0x51 ./driver/Src/driver_interrupt.o
 .debug_frame   0x0000000000000000       0x60 ./driver/Src/driver_interrupt.o
 .ARM.attributes
                0x0000000000000000       0x2d ./driver/Src/driver_interrupt.o
 .group         0x0000000000000000        0xc ./driver/Src/driver_leg.o
 .group         0x0000000000000000        0xc ./driver/Src/driver_leg.o
 .group         0x0000000000000000        0xc ./driver/Src/driver_leg.o
 .group         0x0000000000000000        0xc ./driver/Src/driver_leg.o
 .group         0x0000000000000000        0xc ./driver/Src/driver_leg.o
 .group         0x0000000000000000        0xc ./driver/Src/driver_leg.o
 .group         0x0000000000000000        0xc ./driver/Src/driver_leg.o
 .group         0x0000000000000000        0xc ./driver/Src/driver_leg.o
 .group         0x0000000000000000        0xc ./driver/Src/driver_leg.o
 .group         0x0000000000000000        0xc ./driver/Src/driver_leg.o
 .group         0x0000000000000000        0xc ./driver/Src/driver_leg.o
 .group         0x0000000000000000        0xc ./driver/Src/driver_leg.o
 .group         0x0000000000000000        0xc ./driver/Src/driver_leg.o
 .text          0x0000000000000000        0x0 ./driver/Src/driver_leg.o
 .data          0x0000000000000000        0x0 ./driver/Src/driver_leg.o
 .bss           0x0000000000000000        0x0 ./driver/Src/driver_leg.o
 .text.leg_init
                0x0000000000000000      0x174 ./driver/Src/driver_leg.o
 .debug_info    0x0000000000000000      0x468 ./driver/Src/driver_leg.o
 .debug_abbrev  0x0000000000000000       0xd5 ./driver/Src/driver_leg.o
 .debug_aranges
                0x0000000000000000       0x20 ./driver/Src/driver_leg.o
 .debug_ranges  0x0000000000000000       0x10 ./driver/Src/driver_leg.o
 .debug_macro   0x0000000000000000       0xd3 ./driver/Src/driver_leg.o
 .debug_macro   0x0000000000000000      0xa78 ./driver/Src/driver_leg.o
 .debug_macro   0x0000000000000000       0x22 ./driver/Src/driver_leg.o
 .debug_macro   0x0000000000000000       0x8e ./driver/Src/driver_leg.o
 .debug_macro   0x0000000000000000       0x51 ./driver/Src/driver_leg.o
 .debug_macro   0x0000000000000000      0x103 ./driver/Src/driver_leg.o
 .debug_macro   0x0000000000000000       0x6a ./driver/Src/driver_leg.o
 .debug_macro   0x0000000000000000      0x1df ./driver/Src/driver_leg.o
 .debug_macro   0x0000000000000000      0x313 ./driver/Src/driver_leg.o
 .debug_macro   0x0000000000000000       0x7c ./driver/Src/driver_leg.o
 .debug_macro   0x0000000000000000       0xca ./driver/Src/driver_leg.o
 .debug_macro   0x0000000000000000       0x88 ./driver/Src/driver_leg.o
 .debug_macro   0x0000000000000000       0x1c ./driver/Src/driver_leg.o
 .debug_macro   0x0000000000000000       0x28 ./driver/Src/driver_leg.o
 .debug_line    0x0000000000000000      0x4bd ./driver/Src/driver_leg.o
 .debug_str     0x0000000000000000     0x5943 ./driver/Src/driver_leg.o
 .comment       0x0000000000000000       0x51 ./driver/Src/driver_leg.o
 .debug_frame   0x0000000000000000       0x34 ./driver/Src/driver_leg.o
 .ARM.attributes
                0x0000000000000000       0x2d ./driver/Src/driver_leg.o
 .group         0x0000000000000000        0xc ./driver/Src/driver_rcc.o
 .group         0x0000000000000000        0xc ./driver/Src/driver_rcc.o
 .group         0x0000000000000000        0xc ./driver/Src/driver_rcc.o
 .group         0x0000000000000000        0xc ./driver/Src/driver_rcc.o
 .group         0x0000000000000000        0xc ./driver/Src/driver_rcc.o
 .group         0x0000000000000000        0xc ./driver/Src/driver_rcc.o
 .group         0x0000000000000000        0xc ./driver/Src/driver_rcc.o
 .group         0x0000000000000000        0xc ./driver/Src/driver_rcc.o
 .group         0x0000000000000000        0xc ./driver/Src/driver_rcc.o
 .group         0x0000000000000000        0xc ./driver/Src/driver_rcc.o
 .group         0x0000000000000000        0xc ./driver/Src/driver_rcc.o
 .group         0x0000000000000000        0xc ./driver/Src/driver_rcc.o
 .group         0x0000000000000000        0xc ./driver/Src/driver_rcc.o
 .text          0x0000000000000000        0x0 ./driver/Src/driver_rcc.o
 .data          0x0000000000000000        0x0 ./driver/Src/driver_rcc.o
 .bss           0x0000000000000000        0x0 ./driver/Src/driver_rcc.o
 .debug_macro   0x0000000000000000      0xa78 ./driver/Src/driver_rcc.o
 .debug_macro   0x0000000000000000       0x22 ./driver/Src/driver_rcc.o
 .debug_macro   0x0000000000000000       0x8e ./driver/Src/driver_rcc.o
 .debug_macro   0x0000000000000000       0x51 ./driver/Src/driver_rcc.o
 .debug_macro   0x0000000000000000      0x103 ./driver/Src/driver_rcc.o
 .debug_macro   0x0000000000000000       0x6a ./driver/Src/driver_rcc.o
 .debug_macro   0x0000000000000000      0x1df ./driver/Src/driver_rcc.o
 .debug_macro   0x0000000000000000      0x313 ./driver/Src/driver_rcc.o
 .debug_macro   0x0000000000000000       0x7c ./driver/Src/driver_rcc.o
 .debug_macro   0x0000000000000000       0xca ./driver/Src/driver_rcc.o
 .debug_macro   0x0000000000000000       0x88 ./driver/Src/driver_rcc.o
 .debug_macro   0x0000000000000000       0x1c ./driver/Src/driver_rcc.o
 .debug_macro   0x0000000000000000       0x28 ./driver/Src/driver_rcc.o
 .group         0x0000000000000000        0xc ./driver/Src/driver_spi.o
 .group         0x0000000000000000        0xc ./driver/Src/driver_spi.o
 .group         0x0000000000000000        0xc ./driver/Src/driver_spi.o
 .group         0x0000000000000000        0xc ./driver/Src/driver_spi.o
 .group         0x0000000000000000        0xc ./driver/Src/driver_spi.o
 .group         0x0000000000000000        0xc ./driver/Src/driver_spi.o
 .group         0x0000000000000000        0xc ./driver/Src/driver_spi.o
 .group         0x0000000000000000        0xc ./driver/Src/driver_spi.o
 .group         0x0000000000000000        0xc ./driver/Src/driver_spi.o
 .group         0x0000000000000000        0xc ./driver/Src/driver_spi.o
 .group         0x0000000000000000        0xc ./driver/Src/driver_spi.o
 .group         0x0000000000000000        0xc ./driver/Src/driver_spi.o
 .group         0x0000000000000000        0xc ./driver/Src/driver_spi.o
 .text          0x0000000000000000        0x0 ./driver/Src/driver_spi.o
 .data          0x0000000000000000        0x0 ./driver/Src/driver_spi.o
 .bss           0x0000000000000000        0x0 ./driver/Src/driver_spi.o
 .text.spi_clock_ctl
                0x0000000000000000       0x64 ./driver/Src/driver_spi.o
 .text.spi_init
                0x0000000000000000      0x1b2 ./driver/Src/driver_spi.o
 .text.spi_ctl  0x0000000000000000       0x36 ./driver/Src/driver_spi.o
 .text.spi_send
                0x0000000000000000       0x78 ./driver/Src/driver_spi.o
 .text.spi_receive
                0x0000000000000000       0x6a ./driver/Src/driver_spi.o
 .text.spi_irq_ctl
                0x0000000000000000       0x84 ./driver/Src/driver_spi.o
 .text.spi_irq_prio_config
                0x0000000000000000       0x50 ./driver/Src/driver_spi.o
 .debug_info    0x0000000000000000      0x447 ./driver/Src/driver_spi.o
 .debug_abbrev  0x0000000000000000      0x10d ./driver/Src/driver_spi.o
 .debug_aranges
                0x0000000000000000       0x50 ./driver/Src/driver_spi.o
 .debug_ranges  0x0000000000000000       0x40 ./driver/Src/driver_spi.o
 .debug_macro   0x0000000000000000       0xd3 ./driver/Src/driver_spi.o
 .debug_macro   0x0000000000000000      0xa78 ./driver/Src/driver_spi.o
 .debug_macro   0x0000000000000000       0x22 ./driver/Src/driver_spi.o
 .debug_macro   0x0000000000000000       0x8e ./driver/Src/driver_spi.o
 .debug_macro   0x0000000000000000       0x51 ./driver/Src/driver_spi.o
 .debug_macro   0x0000000000000000      0x103 ./driver/Src/driver_spi.o
 .debug_macro   0x0000000000000000       0x6a ./driver/Src/driver_spi.o
 .debug_macro   0x0000000000000000      0x1df ./driver/Src/driver_spi.o
 .debug_macro   0x0000000000000000      0x313 ./driver/Src/driver_spi.o
 .debug_macro   0x0000000000000000       0x7c ./driver/Src/driver_spi.o
 .debug_macro   0x0000000000000000       0xca ./driver/Src/driver_spi.o
 .debug_macro   0x0000000000000000       0x88 ./driver/Src/driver_spi.o
 .debug_macro   0x0000000000000000       0x1c ./driver/Src/driver_spi.o
 .debug_macro   0x0000000000000000       0x28 ./driver/Src/driver_spi.o
 .debug_line    0x0000000000000000      0x761 ./driver/Src/driver_spi.o
 .debug_str     0x0000000000000000     0x5935 ./driver/Src/driver_spi.o
 .comment       0x0000000000000000       0x51 ./driver/Src/driver_spi.o
 .debug_frame   0x0000000000000000      0x120 ./driver/Src/driver_spi.o
 .ARM.attributes
                0x0000000000000000       0x2d ./driver/Src/driver_spi.o
 .group         0x0000000000000000        0xc ./driver/Src/driver_timer.o
 .group         0x0000000000000000        0xc ./driver/Src/driver_timer.o
 .group         0x0000000000000000        0xc ./driver/Src/driver_timer.o
 .group         0x0000000000000000        0xc ./driver/Src/driver_timer.o
 .group         0x0000000000000000        0xc ./driver/Src/driver_timer.o
 .group         0x0000000000000000        0xc ./driver/Src/driver_timer.o
 .group         0x0000000000000000        0xc ./driver/Src/driver_timer.o
 .group         0x0000000000000000        0xc ./driver/Src/driver_timer.o
 .group         0x0000000000000000        0xc ./driver/Src/driver_timer.o
 .group         0x0000000000000000        0xc ./driver/Src/driver_timer.o
 .group         0x0000000000000000        0xc ./driver/Src/driver_timer.o
 .group         0x0000000000000000        0xc ./driver/Src/driver_timer.o
 .group         0x0000000000000000        0xc ./driver/Src/driver_timer.o
 .text          0x0000000000000000        0x0 ./driver/Src/driver_timer.o
 .data          0x0000000000000000        0x0 ./driver/Src/driver_timer.o
 .bss           0x0000000000000000        0x0 ./driver/Src/driver_timer.o
 .debug_macro   0x0000000000000000      0xa78 ./driver/Src/driver_timer.o
 .debug_macro   0x0000000000000000       0x22 ./driver/Src/driver_timer.o
 .debug_macro   0x0000000000000000       0x8e ./driver/Src/driver_timer.o
 .debug_macro   0x0000000000000000       0x51 ./driver/Src/driver_timer.o
 .debug_macro   0x0000000000000000      0x103 ./driver/Src/driver_timer.o
 .debug_macro   0x0000000000000000       0x6a ./driver/Src/driver_timer.o
 .debug_macro   0x0000000000000000      0x1df ./driver/Src/driver_timer.o
 .debug_macro   0x0000000000000000      0x313 ./driver/Src/driver_timer.o
 .debug_macro   0x0000000000000000       0x7c ./driver/Src/driver_timer.o
 .debug_macro   0x0000000000000000       0xca ./driver/Src/driver_timer.o
 .debug_macro   0x0000000000000000       0x88 ./driver/Src/driver_timer.o
 .debug_macro   0x0000000000000000       0x1c ./driver/Src/driver_timer.o
 .debug_macro   0x0000000000000000       0x28 ./driver/Src/driver_timer.o
 .group         0x0000000000000000        0xc ./driver/Src/driver_usart.o
 .group         0x0000000000000000        0xc ./driver/Src/driver_usart.o
 .group         0x0000000000000000        0xc ./driver/Src/driver_usart.o
 .group         0x0000000000000000        0xc ./driver/Src/driver_usart.o
 .group         0x0000000000000000        0xc ./driver/Src/driver_usart.o
 .group         0x0000000000000000        0xc ./driver/Src/driver_usart.o
 .group         0x0000000000000000        0xc ./driver/Src/driver_usart.o
 .group         0x0000000000000000        0xc ./driver/Src/driver_usart.o
 .group         0x0000000000000000        0xc ./driver/Src/driver_usart.o
 .group         0x0000000000000000        0xc ./driver/Src/driver_usart.o
 .group         0x0000000000000000        0xc ./driver/Src/driver_usart.o
 .group         0x0000000000000000        0xc ./driver/Src/driver_usart.o
 .group         0x0000000000000000        0xc ./driver/Src/driver_usart.o
 .text          0x0000000000000000        0x0 ./driver/Src/driver_usart.o
 .data          0x0000000000000000        0x0 ./driver/Src/driver_usart.o
 .bss           0x0000000000000000        0x0 ./driver/Src/driver_usart.o
 .bss.sem       0x0000000000000000        0x4 ./driver/Src/driver_usart.o
 .text.usart_putc
                0x0000000000000000       0x3a ./driver/Src/driver_usart.o
 .text.usart_irq_ctl
                0x0000000000000000       0x88 ./driver/Src/driver_usart.o
 .debug_macro   0x0000000000000000      0xa78 ./driver/Src/driver_usart.o
 .debug_macro   0x0000000000000000       0x22 ./driver/Src/driver_usart.o
 .debug_macro   0x0000000000000000       0x8e ./driver/Src/driver_usart.o
 .debug_macro   0x0000000000000000       0x51 ./driver/Src/driver_usart.o
 .debug_macro   0x0000000000000000      0x103 ./driver/Src/driver_usart.o
 .debug_macro   0x0000000000000000       0x6a ./driver/Src/driver_usart.o
 .debug_macro   0x0000000000000000      0x1df ./driver/Src/driver_usart.o
 .debug_macro   0x0000000000000000      0x313 ./driver/Src/driver_usart.o
 .debug_macro   0x0000000000000000       0x7c ./driver/Src/driver_usart.o
 .debug_macro   0x0000000000000000       0xca ./driver/Src/driver_usart.o
 .debug_macro   0x0000000000000000       0x88 ./driver/Src/driver_usart.o
 .debug_macro   0x0000000000000000       0x1c ./driver/Src/driver_usart.o
 .debug_macro   0x0000000000000000       0x28 ./driver/Src/driver_usart.o
 .group         0x0000000000000000        0xc ./kernel/Src/sched.o
 .group         0x0000000000000000        0xc ./kernel/Src/sched.o
 .group         0x0000000000000000        0xc ./kernel/Src/sched.o
 .group         0x0000000000000000        0xc ./kernel/Src/sched.o
 .group         0x0000000000000000        0xc ./kernel/Src/sched.o
 .group         0x0000000000000000        0xc ./kernel/Src/sched.o
 .group         0x0000000000000000        0xc ./kernel/Src/sched.o
 .group         0x0000000000000000        0xc ./kernel/Src/sched.o
 .group         0x0000000000000000        0xc ./kernel/Src/sched.o
 .group         0x0000000000000000        0xc ./kernel/Src/sched.o
 .group         0x0000000000000000        0xc ./kernel/Src/sched.o
 .group         0x0000000000000000        0xc ./kernel/Src/sched.o
 .group         0x0000000000000000        0xc ./kernel/Src/sched.o
 .group         0x0000000000000000        0xc ./kernel/Src/sched.o
 .group         0x0000000000000000        0xc ./kernel/Src/sched.o
 .group         0x0000000000000000        0xc ./kernel/Src/sched.o
 .group         0x0000000000000000        0xc ./kernel/Src/sched.o
 .group         0x0000000000000000        0xc ./kernel/Src/sched.o
 .group         0x0000000000000000        0xc ./kernel/Src/sched.o
 .group         0x0000000000000000        0xc ./kernel/Src/sched.o
 .group         0x0000000000000000        0xc ./kernel/Src/sched.o
 .group         0x0000000000000000        0xc ./kernel/Src/sched.o
 .group         0x0000000000000000        0xc ./kernel/Src/sched.o
 .group         0x0000000000000000        0xc ./kernel/Src/sched.o
 .group         0x0000000000000000        0xc ./kernel/Src/sched.o
 .group         0x0000000000000000        0xc ./kernel/Src/sched.o
 .group         0x0000000000000000        0xc ./kernel/Src/sched.o
 .group         0x0000000000000000        0xc ./kernel/Src/sched.o
 .group         0x0000000000000000        0xc ./kernel/Src/sched.o
 .group         0x0000000000000000        0xc ./kernel/Src/sched.o
 .group         0x0000000000000000        0xc ./kernel/Src/sched.o
 .group         0x0000000000000000        0xc ./kernel/Src/sched.o
 .group         0x0000000000000000        0xc ./kernel/Src/sched.o
 .group         0x0000000000000000        0xc ./kernel/Src/sched.o
 .group         0x0000000000000000        0xc ./kernel/Src/sched.o
 .group         0x0000000000000000        0xc ./kernel/Src/sched.o
 .group         0x0000000000000000        0xc ./kernel/Src/sched.o
 .text          0x0000000000000000        0x0 ./kernel/Src/sched.o
 .data          0x0000000000000000        0x0 ./kernel/Src/sched.o
 .bss           0x0000000000000000        0x0 ./kernel/Src/sched.o
 .text.init_fault
                0x0000000000000000       0x3c ./kernel/Src/sched.o
 .text.sched_start
                0x0000000000000000       0x38 ./kernel/Src/sched.o
 .text.call_sched
                0x0000000000000000       0x18 ./kernel/Src/sched.o
 .debug_macro   0x0000000000000000      0xa78 ./kernel/Src/sched.o
 .debug_macro   0x0000000000000000       0x22 ./kernel/Src/sched.o
 .debug_macro   0x0000000000000000       0x8e ./kernel/Src/sched.o
 .debug_macro   0x0000000000000000       0x51 ./kernel/Src/sched.o
 .debug_macro   0x0000000000000000      0x103 ./kernel/Src/sched.o
 .debug_macro   0x0000000000000000       0x6a ./kernel/Src/sched.o
 .debug_macro   0x0000000000000000      0x1df ./kernel/Src/sched.o
 .debug_macro   0x0000000000000000       0x52 ./kernel/Src/sched.o
 .debug_macro   0x0000000000000000       0x18 ./kernel/Src/sched.o
 .debug_macro   0x0000000000000000       0x3c ./kernel/Src/sched.o
 .debug_macro   0x0000000000000000       0x34 ./kernel/Src/sched.o
 .debug_macro   0x0000000000000000       0x16 ./kernel/Src/sched.o
 .debug_macro   0x0000000000000000       0x97 ./kernel/Src/sched.o
 .debug_macro   0x0000000000000000      0x341 ./kernel/Src/sched.o
 .debug_macro   0x0000000000000000       0xfd ./kernel/Src/sched.o
 .debug_macro   0x0000000000000000       0x10 ./kernel/Src/sched.o
 .debug_macro   0x0000000000000000       0x16 ./kernel/Src/sched.o
 .debug_macro   0x0000000000000000       0x43 ./kernel/Src/sched.o
 .debug_macro   0x0000000000000000       0x34 ./kernel/Src/sched.o
 .debug_macro   0x0000000000000000       0x10 ./kernel/Src/sched.o
 .debug_macro   0x0000000000000000       0x58 ./kernel/Src/sched.o
 .debug_macro   0x0000000000000000       0x71 ./kernel/Src/sched.o
 .debug_macro   0x0000000000000000       0x1c ./kernel/Src/sched.o
 .debug_macro   0x0000000000000000      0x12a ./kernel/Src/sched.o
 .debug_macro   0x0000000000000000       0x10 ./kernel/Src/sched.o
 .debug_macro   0x0000000000000000       0x1c ./kernel/Src/sched.o
 .debug_macro   0x0000000000000000       0x52 ./kernel/Src/sched.o
 .debug_macro   0x0000000000000000       0x22 ./kernel/Src/sched.o
 .debug_macro   0x0000000000000000       0x10 ./kernel/Src/sched.o
 .debug_macro   0x0000000000000000       0x52 ./kernel/Src/sched.o
 .debug_macro   0x0000000000000000       0xd5 ./kernel/Src/sched.o
 .debug_macro   0x0000000000000000       0x1c ./kernel/Src/sched.o
 .debug_macro   0x0000000000000000       0x3d ./kernel/Src/sched.o
 .debug_macro   0x0000000000000000       0x16 ./kernel/Src/sched.o
 .debug_macro   0x0000000000000000      0x145 ./kernel/Src/sched.o
 .debug_macro   0x0000000000000000       0x34 ./kernel/Src/sched.o
 .debug_macro   0x0000000000000000       0x16 ./kernel/Src/sched.o
 .group         0x0000000000000000        0xc ./kernel/Src/task.o
 .group         0x0000000000000000        0xc ./kernel/Src/task.o
 .group         0x0000000000000000        0xc ./kernel/Src/task.o
 .group         0x0000000000000000        0xc ./kernel/Src/task.o
 .group         0x0000000000000000        0xc ./kernel/Src/task.o
 .group         0x0000000000000000        0xc ./kernel/Src/task.o
 .group         0x0000000000000000        0xc ./kernel/Src/task.o
 .group         0x0000000000000000        0xc ./kernel/Src/task.o
 .group         0x0000000000000000        0xc ./kernel/Src/task.o
 .group         0x0000000000000000        0xc ./kernel/Src/task.o
 .group         0x0000000000000000        0xc ./kernel/Src/task.o
 .group         0x0000000000000000        0xc ./kernel/Src/task.o
 .group         0x0000000000000000        0xc ./kernel/Src/task.o
 .group         0x0000000000000000        0xc ./kernel/Src/task.o
 .group         0x0000000000000000        0xc ./kernel/Src/task.o
 .group         0x0000000000000000        0xc ./kernel/Src/task.o
 .group         0x0000000000000000        0xc ./kernel/Src/task.o
 .group         0x0000000000000000        0xc ./kernel/Src/task.o
 .group         0x0000000000000000        0xc ./kernel/Src/task.o
 .group         0x0000000000000000        0xc ./kernel/Src/task.o
 .group         0x0000000000000000        0xc ./kernel/Src/task.o
 .group         0x0000000000000000        0xc ./kernel/Src/task.o
 .group         0x0000000000000000        0xc ./kernel/Src/task.o
 .group         0x0000000000000000        0xc ./kernel/Src/task.o
 .group         0x0000000000000000        0xc ./kernel/Src/task.o
 .group         0x0000000000000000        0xc ./kernel/Src/task.o
 .group         0x0000000000000000        0xc ./kernel/Src/task.o
 .group         0x0000000000000000        0xc ./kernel/Src/task.o
 .group         0x0000000000000000        0xc ./kernel/Src/task.o
 .group         0x0000000000000000        0xc ./kernel/Src/task.o
 .group         0x0000000000000000        0xc ./kernel/Src/task.o
 .group         0x0000000000000000        0xc ./kernel/Src/task.o
 .group         0x0000000000000000        0xc ./kernel/Src/task.o
 .group         0x0000000000000000        0xc ./kernel/Src/task.o
 .group         0x0000000000000000        0xc ./kernel/Src/task.o
 .group         0x0000000000000000        0xc ./kernel/Src/task.o
 .group         0x0000000000000000        0xc ./kernel/Src/task.o
 .text          0x0000000000000000        0x0 ./kernel/Src/task.o
 .data          0x0000000000000000        0x0 ./kernel/Src/task.o
 .bss           0x0000000000000000        0x0 ./kernel/Src/task.o
 .bss.stack     0x0000000000000000     0x4000 ./kernel/Src/task.o
 .bss.idle_ctr  0x0000000000000000        0x4 ./kernel/Src/task.o
 .text.task_create
                0x0000000000000000      0x1b0 ./kernel/Src/task.o
 .text.idle_task
                0x0000000000000000       0x14 ./kernel/Src/task.o
 .text.task_delay
                0x0000000000000000       0xc8 ./kernel/Src/task.o
 .debug_macro   0x0000000000000000      0xa78 ./kernel/Src/task.o
 .debug_macro   0x0000000000000000       0x22 ./kernel/Src/task.o
 .debug_macro   0x0000000000000000       0x8e ./kernel/Src/task.o
 .debug_macro   0x0000000000000000       0x51 ./kernel/Src/task.o
 .debug_macro   0x0000000000000000      0x103 ./kernel/Src/task.o
 .debug_macro   0x0000000000000000       0x6a ./kernel/Src/task.o
 .debug_macro   0x0000000000000000      0x1df ./kernel/Src/task.o
 .debug_macro   0x0000000000000000       0x52 ./kernel/Src/task.o
 .debug_macro   0x0000000000000000       0x18 ./kernel/Src/task.o
 .debug_macro   0x0000000000000000       0x3c ./kernel/Src/task.o
 .debug_macro   0x0000000000000000       0x34 ./kernel/Src/task.o
 .debug_macro   0x0000000000000000       0x16 ./kernel/Src/task.o
 .debug_macro   0x0000000000000000       0x97 ./kernel/Src/task.o
 .debug_macro   0x0000000000000000      0x341 ./kernel/Src/task.o
 .debug_macro   0x0000000000000000       0xfd ./kernel/Src/task.o
 .debug_macro   0x0000000000000000       0x10 ./kernel/Src/task.o
 .debug_macro   0x0000000000000000       0x16 ./kernel/Src/task.o
 .debug_macro   0x0000000000000000       0x43 ./kernel/Src/task.o
 .debug_macro   0x0000000000000000       0x34 ./kernel/Src/task.o
 .debug_macro   0x0000000000000000       0x10 ./kernel/Src/task.o
 .debug_macro   0x0000000000000000       0x58 ./kernel/Src/task.o
 .debug_macro   0x0000000000000000       0x71 ./kernel/Src/task.o
 .debug_macro   0x0000000000000000       0x1c ./kernel/Src/task.o
 .debug_macro   0x0000000000000000      0x12a ./kernel/Src/task.o
 .debug_macro   0x0000000000000000       0x10 ./kernel/Src/task.o
 .debug_macro   0x0000000000000000       0x1c ./kernel/Src/task.o
 .debug_macro   0x0000000000000000       0x52 ./kernel/Src/task.o
 .debug_macro   0x0000000000000000       0x22 ./kernel/Src/task.o
 .debug_macro   0x0000000000000000       0x10 ./kernel/Src/task.o
 .debug_macro   0x0000000000000000       0x52 ./kernel/Src/task.o
 .debug_macro   0x0000000000000000       0xd5 ./kernel/Src/task.o
 .debug_macro   0x0000000000000000       0x1c ./kernel/Src/task.o
 .debug_macro   0x0000000000000000       0x3d ./kernel/Src/task.o
 .debug_macro   0x0000000000000000       0x16 ./kernel/Src/task.o
 .debug_macro   0x0000000000000000      0x145 ./kernel/Src/task.o
 .debug_macro   0x0000000000000000       0x34 ./kernel/Src/task.o
 .debug_macro   0x0000000000000000       0x16 ./kernel/Src/task.o
 .text          0x0000000000000000        0x0 c:/st/stm32cubeide_1.9.0/stm32cubeide/plugins/com.st.stm32cube.ide.mcu.externaltools.gnu-tools-for-stm32.10.3-2021.10.win32_1.0.0.202111181127/tools/bin/../lib/gcc/arm-none-eabi/10.3.1/../../../../arm-none-eabi/lib/thumb/v7-m/nofp\libc_nano.a(lib_a-exit.o)
 .data          0x0000000000000000        0x0 c:/st/stm32cubeide_1.9.0/stm32cubeide/plugins/com.st.stm32cube.ide.mcu.externaltools.gnu-tools-for-stm32.10.3-2021.10.win32_1.0.0.202111181127/tools/bin/../lib/gcc/arm-none-eabi/10.3.1/../../../../arm-none-eabi/lib/thumb/v7-m/nofp\libc_nano.a(lib_a-exit.o)
 .bss           0x0000000000000000        0x0 c:/st/stm32cubeide_1.9.0/stm32cubeide/plugins/com.st.stm32cube.ide.mcu.externaltools.gnu-tools-for-stm32.10.3-2021.10.win32_1.0.0.202111181127/tools/bin/../lib/gcc/arm-none-eabi/10.3.1/../../../../arm-none-eabi/lib/thumb/v7-m/nofp\libc_nano.a(lib_a-exit.o)
 .text.exit     0x0000000000000000       0x28 c:/st/stm32cubeide_1.9.0/stm32cubeide/plugins/com.st.stm32cube.ide.mcu.externaltools.gnu-tools-for-stm32.10.3-2021.10.win32_1.0.0.202111181127/tools/bin/../lib/gcc/arm-none-eabi/10.3.1/../../../../arm-none-eabi/lib/thumb/v7-m/nofp\libc_nano.a(lib_a-exit.o)
 .debug_frame   0x0000000000000000       0x28 c:/st/stm32cubeide_1.9.0/stm32cubeide/plugins/com.st.stm32cube.ide.mcu.externaltools.gnu-tools-for-stm32.10.3-2021.10.win32_1.0.0.202111181127/tools/bin/../lib/gcc/arm-none-eabi/10.3.1/../../../../arm-none-eabi/lib/thumb/v7-m/nofp\libc_nano.a(lib_a-exit.o)
 .ARM.attributes
                0x0000000000000000       0x2d c:/st/stm32cubeide_1.9.0/stm32cubeide/plugins/com.st.stm32cube.ide.mcu.externaltools.gnu-tools-for-stm32.10.3-2021.10.win32_1.0.0.202111181127/tools/bin/../lib/gcc/arm-none-eabi/10.3.1/../../../../arm-none-eabi/lib/thumb/v7-m/nofp\libc_nano.a(lib_a-exit.o)
 .text          0x0000000000000000        0x0 c:/st/stm32cubeide_1.9.0/stm32cubeide/plugins/com.st.stm32cube.ide.mcu.externaltools.gnu-tools-for-stm32.10.3-2021.10.win32_1.0.0.202111181127/tools/bin/../lib/gcc/arm-none-eabi/10.3.1/../../../../arm-none-eabi/lib/thumb/v7-m/nofp\libc_nano.a(lib_a-impure.o)
 .data          0x0000000000000000        0x0 c:/st/stm32cubeide_1.9.0/stm32cubeide/plugins/com.st.stm32cube.ide.mcu.externaltools.gnu-tools-for-stm32.10.3-2021.10.win32_1.0.0.202111181127/tools/bin/../lib/gcc/arm-none-eabi/10.3.1/../../../../arm-none-eabi/lib/thumb/v7-m/nofp\libc_nano.a(lib_a-impure.o)
 .bss           0x0000000000000000        0x0 c:/st/stm32cubeide_1.9.0/stm32cubeide/plugins/com.st.stm32cube.ide.mcu.externaltools.gnu-tools-for-stm32.10.3-2021.10.win32_1.0.0.202111181127/tools/bin/../lib/gcc/arm-none-eabi/10.3.1/../../../../arm-none-eabi/lib/thumb/v7-m/nofp\libc_nano.a(lib_a-impure.o)
 .data._impure_ptr
                0x0000000000000000        0x4 c:/st/stm32cubeide_1.9.0/stm32cubeide/plugins/com.st.stm32cube.ide.mcu.externaltools.gnu-tools-for-stm32.10.3-2021.10.win32_1.0.0.202111181127/tools/bin/../lib/gcc/arm-none-eabi/10.3.1/../../../../arm-none-eabi/lib/thumb/v7-m/nofp\libc_nano.a(lib_a-impure.o)
 .data.impure_data
                0x0000000000000000       0x60 c:/st/stm32cubeide_1.9.0/stm32cubeide/plugins/com.st.stm32cube.ide.mcu.externaltools.gnu-tools-for-stm32.10.3-2021.10.win32_1.0.0.202111181127/tools/bin/../lib/gcc/arm-none-eabi/10.3.1/../../../../arm-none-eabi/lib/thumb/v7-m/nofp\libc_nano.a(lib_a-impure.o)
 .rodata._global_impure_ptr
                0x0000000000000000        0x4 c:/st/stm32cubeide_1.9.0/stm32cubeide/plugins/com.st.stm32cube.ide.mcu.externaltools.gnu-tools-for-stm32.10.3-2021.10.win32_1.0.0.202111181127/tools/bin/../lib/gcc/arm-none-eabi/10.3.1/../../../../arm-none-eabi/lib/thumb/v7-m/nofp\libc_nano.a(lib_a-impure.o)
 .ARM.attributes
                0x0000000000000000       0x2d c:/st/stm32cubeide_1.9.0/stm32cubeide/plugins/com.st.stm32cube.ide.mcu.externaltools.gnu-tools-for-stm32.10.3-2021.10.win32_1.0.0.202111181127/tools/bin/../lib/gcc/arm-none-eabi/10.3.1/../../../../arm-none-eabi/lib/thumb/v7-m/nofp\libc_nano.a(lib_a-impure.o)
 .text          0x0000000000000000        0x0 c:/st/stm32cubeide_1.9.0/stm32cubeide/plugins/com.st.stm32cube.ide.mcu.externaltools.gnu-tools-for-stm32.10.3-2021.10.win32_1.0.0.202111181127/tools/bin/../lib/gcc/arm-none-eabi/10.3.1/../../../../arm-none-eabi/lib/thumb/v7-m/nofp\libc_nano.a(lib_a-init.o)
 .data          0x0000000000000000        0x0 c:/st/stm32cubeide_1.9.0/stm32cubeide/plugins/com.st.stm32cube.ide.mcu.externaltools.gnu-tools-for-stm32.10.3-2021.10.win32_1.0.0.202111181127/tools/bin/../lib/gcc/arm-none-eabi/10.3.1/../../../../arm-none-eabi/lib/thumb/v7-m/nofp\libc_nano.a(lib_a-init.o)
 .bss           0x0000000000000000        0x0 c:/st/stm32cubeide_1.9.0/stm32cubeide/plugins/com.st.stm32cube.ide.mcu.externaltools.gnu-tools-for-stm32.10.3-2021.10.win32_1.0.0.202111181127/tools/bin/../lib/gcc/arm-none-eabi/10.3.1/../../../../arm-none-eabi/lib/thumb/v7-m/nofp\libc_nano.a(lib_a-init.o)
 .text          0x0000000000000000        0x0 c:/st/stm32cubeide_1.9.0/stm32cubeide/plugins/com.st.stm32cube.ide.mcu.externaltools.gnu-tools-for-stm32.10.3-2021.10.win32_1.0.0.202111181127/tools/bin/../lib/gcc/arm-none-eabi/10.3.1/../../../../arm-none-eabi/lib/thumb/v7-m/nofp\libc_nano.a(lib_a-memset.o)
 .data          0x0000000000000000        0x0 c:/st/stm32cubeide_1.9.0/stm32cubeide/plugins/com.st.stm32cube.ide.mcu.externaltools.gnu-tools-for-stm32.10.3-2021.10.win32_1.0.0.202111181127/tools/bin/../lib/gcc/arm-none-eabi/10.3.1/../../../../arm-none-eabi/lib/thumb/v7-m/nofp\libc_nano.a(lib_a-memset.o)
 .bss           0x0000000000000000        0x0 c:/st/stm32cubeide_1.9.0/stm32cubeide/plugins/com.st.stm32cube.ide.mcu.externaltools.gnu-tools-for-stm32.10.3-2021.10.win32_1.0.0.202111181127/tools/bin/../lib/gcc/arm-none-eabi/10.3.1/../../../../arm-none-eabi/lib/thumb/v7-m/nofp\libc_nano.a(lib_a-memset.o)
 .text.memset   0x0000000000000000       0x10 c:/st/stm32cubeide_1.9.0/stm32cubeide/plugins/com.st.stm32cube.ide.mcu.externaltools.gnu-tools-for-stm32.10.3-2021.10.win32_1.0.0.202111181127/tools/bin/../lib/gcc/arm-none-eabi/10.3.1/../../../../arm-none-eabi/lib/thumb/v7-m/nofp\libc_nano.a(lib_a-memset.o)
 .debug_frame   0x0000000000000000       0x20 c:/st/stm32cubeide_1.9.0/stm32cubeide/plugins/com.st.stm32cube.ide.mcu.externaltools.gnu-tools-for-stm32.10.3-2021.10.win32_1.0.0.202111181127/tools/bin/../lib/gcc/arm-none-eabi/10.3.1/../../../../arm-none-eabi/lib/thumb/v7-m/nofp\libc_nano.a(lib_a-memset.o)
 .ARM.attributes
                0x0000000000000000       0x2d c:/st/stm32cubeide_1.9.0/stm32cubeide/plugins/com.st.stm32cube.ide.mcu.externaltools.gnu-tools-for-stm32.10.3-2021.10.win32_1.0.0.202111181127/tools/bin/../lib/gcc/arm-none-eabi/10.3.1/../../../../arm-none-eabi/lib/thumb/v7-m/nofp\libc_nano.a(lib_a-memset.o)
 .text          0x0000000000000000        0x0 c:/st/stm32cubeide_1.9.0/stm32cubeide/plugins/com.st.stm32cube.ide.mcu.externaltools.gnu-tools-for-stm32.10.3-2021.10.win32_1.0.0.202111181127/tools/bin/../lib/gcc/arm-none-eabi/10.3.1/../../../../arm-none-eabi/lib/thumb/v7-m/nofp\libnosys.a(_exit.o)
 .data          0x0000000000000000        0x0 c:/st/stm32cubeide_1.9.0/stm32cubeide/plugins/com.st.stm32cube.ide.mcu.externaltools.gnu-tools-for-stm32.10.3-2021.10.win32_1.0.0.202111181127/tools/bin/../lib/gcc/arm-none-eabi/10.3.1/../../../../arm-none-eabi/lib/thumb/v7-m/nofp\libnosys.a(_exit.o)
 .bss           0x0000000000000000        0x0 c:/st/stm32cubeide_1.9.0/stm32cubeide/plugins/com.st.stm32cube.ide.mcu.externaltools.gnu-tools-for-stm32.10.3-2021.10.win32_1.0.0.202111181127/tools/bin/../lib/gcc/arm-none-eabi/10.3.1/../../../../arm-none-eabi/lib/thumb/v7-m/nofp\libnosys.a(_exit.o)
 .text._exit    0x0000000000000000        0x2 c:/st/stm32cubeide_1.9.0/stm32cubeide/plugins/com.st.stm32cube.ide.mcu.externaltools.gnu-tools-for-stm32.10.3-2021.10.win32_1.0.0.202111181127/tools/bin/../lib/gcc/arm-none-eabi/10.3.1/../../../../arm-none-eabi/lib/thumb/v7-m/nofp\libnosys.a(_exit.o)
 .debug_frame   0x0000000000000000       0x20 c:/st/stm32cubeide_1.9.0/stm32cubeide/plugins/com.st.stm32cube.ide.mcu.externaltools.gnu-tools-for-stm32.10.3-2021.10.win32_1.0.0.202111181127/tools/bin/../lib/gcc/arm-none-eabi/10.3.1/../../../../arm-none-eabi/lib/thumb/v7-m/nofp\libnosys.a(_exit.o)
 .ARM.attributes
                0x0000000000000000       0x2d c:/st/stm32cubeide_1.9.0/stm32cubeide/plugins/com.st.stm32cube.ide.mcu.externaltools.gnu-tools-for-stm32.10.3-2021.10.win32_1.0.0.202111181127/tools/bin/../lib/gcc/arm-none-eabi/10.3.1/../../../../arm-none-eabi/lib/thumb/v7-m/nofp\libnosys.a(_exit.o)
 .text          0x0000000000000000        0x0 c:/st/stm32cubeide_1.9.0/stm32cubeide/plugins/com.st.stm32cube.ide.mcu.externaltools.gnu-tools-for-stm32.10.3-2021.10.win32_1.0.0.202111181127/tools/bin/../lib/gcc/arm-none-eabi/10.3.1/thumb/v7-m/nofp/crtend.o
 .data          0x0000000000000000        0x0 c:/st/stm32cubeide_1.9.0/stm32cubeide/plugins/com.st.stm32cube.ide.mcu.externaltools.gnu-tools-for-stm32.10.3-2021.10.win32_1.0.0.202111181127/tools/bin/../lib/gcc/arm-none-eabi/10.3.1/thumb/v7-m/nofp/crtend.o
 .bss           0x0000000000000000        0x0 c:/st/stm32cubeide_1.9.0/stm32cubeide/plugins/com.st.stm32cube.ide.mcu.externaltools.gnu-tools-for-stm32.10.3-2021.10.win32_1.0.0.202111181127/tools/bin/../lib/gcc/arm-none-eabi/10.3.1/thumb/v7-m/nofp/crtend.o
 .rodata        0x0000000000000000       0x24 c:/st/stm32cubeide_1.9.0/stm32cubeide/plugins/com.st.stm32cube.ide.mcu.externaltools.gnu-tools-for-stm32.10.3-2021.10.win32_1.0.0.202111181127/tools/bin/../lib/gcc/arm-none-eabi/10.3.1/thumb/v7-m/nofp/crtend.o
 .eh_frame      0x0000000000000000        0x4 c:/st/stm32cubeide_1.9.0/stm32cubeide/plugins/com.st.stm32cube.ide.mcu.externaltools.gnu-tools-for-stm32.10.3-2021.10.win32_1.0.0.202111181127/tools/bin/../lib/gcc/arm-none-eabi/10.3.1/thumb/v7-m/nofp/crtend.o
 .ARM.attributes
                0x0000000000000000       0x2d c:/st/stm32cubeide_1.9.0/stm32cubeide/plugins/com.st.stm32cube.ide.mcu.externaltools.gnu-tools-for-stm32.10.3-2021.10.win32_1.0.0.202111181127/tools/bin/../lib/gcc/arm-none-eabi/10.3.1/thumb/v7-m/nofp/crtend.o
 .text          0x0000000000000000        0x0 c:/st/stm32cubeide_1.9.0/stm32cubeide/plugins/com.st.stm32cube.ide.mcu.externaltools.gnu-tools-for-stm32.10.3-2021.10.win32_1.0.0.202111181127/tools/bin/../lib/gcc/arm-none-eabi/10.3.1/thumb/v7-m/nofp/crtn.o
 .data          0x0000000000000000        0x0 c:/st/stm32cubeide_1.9.0/stm32cubeide/plugins/com.st.stm32cube.ide.mcu.externaltools.gnu-tools-for-stm32.10.3-2021.10.win32_1.0.0.202111181127/tools/bin/../lib/gcc/arm-none-eabi/10.3.1/thumb/v7-m/nofp/crtn.o
 .bss           0x0000000000000000        0x0 c:/st/stm32cubeide_1.9.0/stm32cubeide/plugins/com.st.stm32cube.ide.mcu.externaltools.gnu-tools-for-stm32.10.3-2021.10.win32_1.0.0.202111181127/tools/bin/../lib/gcc/arm-none-eabi/10.3.1/thumb/v7-m/nofp/crtn.o

Memory Configuration

Name             Origin             Length             Attributes
RAM              0x0000000020000000 0x0000000000005000 xrw
FLASH            0x0000000008000000 0x0000000000020000 xr
*default*        0x0000000000000000 0xffffffffffffffff

Linker script and memory map

LOAD c:/st/stm32cubeide_1.9.0/stm32cubeide/plugins/com.st.stm32cube.ide.mcu.externaltools.gnu-tools-for-stm32.10.3-2021.10.win32_1.0.0.202111181127/tools/bin/../lib/gcc/arm-none-eabi/10.3.1/thumb/v7-m/nofp/crti.o
LOAD c:/st/stm32cubeide_1.9.0/stm32cubeide/plugins/com.st.stm32cube.ide.mcu.externaltools.gnu-tools-for-stm32.10.3-2021.10.win32_1.0.0.202111181127/tools/bin/../lib/gcc/arm-none-eabi/10.3.1/thumb/v7-m/nofp/crtbegin.o
LOAD c:/st/stm32cubeide_1.9.0/stm32cubeide/plugins/com.st.stm32cube.ide.mcu.externaltools.gnu-tools-for-stm32.10.3-2021.10.win32_1.0.0.202111181127/tools/bin/../lib/gcc/arm-none-eabi/10.3.1/../../../../arm-none-eabi/lib/thumb/v7-m/nofp/crt0.o
LOAD ./Src/project3.o
LOAD ./Startup/startup_stm32f103rbtx.o
LOAD ./driver/Src/driver_gpio.o
LOAD ./driver/Src/driver_i2c.o
LOAD ./driver/Src/driver_interrupt.o
LOAD ./driver/Src/driver_leg.o
LOAD ./driver/Src/driver_rcc.o
LOAD ./driver/Src/driver_spi.o
LOAD ./driver/Src/driver_timer.o
LOAD ./driver/Src/driver_usart.o
LOAD ./kernel/Src/sched.o
LOAD ./kernel/Src/task.o
START GROUP
LOAD c:/st/stm32cubeide_1.9.0/stm32cubeide/plugins/com.st.stm32cube.ide.mcu.externaltools.gnu-tools-for-stm32.10.3-2021.10.win32_1.0.0.202111181127/tools/bin/../lib/gcc/arm-none-eabi/10.3.1/../../../../arm-none-eabi/lib/thumb/v7-m/nofp\libc_nano.a
LOAD c:/st/stm32cubeide_1.9.0/stm32cubeide/plugins/com.st.stm32cube.ide.mcu.externaltools.gnu-tools-for-stm32.10.3-2021.10.win32_1.0.0.202111181127/tools/bin/../lib/gcc/arm-none-eabi/10.3.1/../../../../arm-none-eabi/lib/thumb/v7-m/nofp\libm.a
END GROUP
START GROUP
LOAD c:/st/stm32cubeide_1.9.0/stm32cubeide/plugins/com.st.stm32cube.ide.mcu.externaltools.gnu-tools-for-stm32.10.3-2021.10.win32_1.0.0.202111181127/tools/bin/../lib/gcc/arm-none-eabi/10.3.1/thumb/v7-m/nofp\libgcc.a
LOAD c:/st/stm32cubeide_1.9.0/stm32cubeide/plugins/com.st.stm32cube.ide.mcu.externaltools.gnu-tools-for-stm32.10.3-2021.10.win32_1.0.0.202111181127/tools/bin/../lib/gcc/arm-none-eabi/10.3.1/../../../../arm-none-eabi/lib/thumb/v7-m/nofp\libc_nano.a
END GROUP
START GROUP
LOAD c:/st/stm32cubeide_1.9.0/stm32cubeide/plugins/com.st.stm32cube.ide.mcu.externaltools.gnu-tools-for-stm32.10.3-2021.10.win32_1.0.0.202111181127/tools/bin/../lib/gcc/arm-none-eabi/10.3.1/thumb/v7-m/nofp\libgcc.a
LOAD c:/st/stm32cubeide_1.9.0/stm32cubeide/plugins/com.st.stm32cube.ide.mcu.externaltools.gnu-tools-for-stm32.10.3-2021.10.win32_1.0.0.202111181127/tools/bin/../lib/gcc/arm-none-eabi/10.3.1/../../../../arm-none-eabi/lib/thumb/v7-m/nofp\libc_nano.a
LOAD c:/st/stm32cubeide_1.9.0/stm32cubeide/plugins/com.st.stm32cube.ide.mcu.externaltools.gnu-tools-for-stm32.10.3-2021.10.win32_1.0.0.202111181127/tools/bin/../lib/gcc/arm-none-eabi/10.3.1/../../../../arm-none-eabi/lib/thumb/v7-m/nofp\libnosys.a
END GROUP
START GROUP
LOAD c:/st/stm32cubeide_1.9.0/stm32cubeide/plugins/com.st.stm32cube.ide.mcu.externaltools.gnu-tools-for-stm32.10.3-2021.10.win32_1.0.0.202111181127/tools/bin/../lib/gcc/arm-none-eabi/10.3.1/thumb/v7-m/nofp\libgcc.a
LOAD c:/st/stm32cubeide_1.9.0/stm32cubeide/plugins/com.st.stm32cube.ide.mcu.externaltools.gnu-tools-for-stm32.10.3-2021.10.win32_1.0.0.202111181127/tools/bin/../lib/gcc/arm-none-eabi/10.3.1/../../../../arm-none-eabi/lib/thumb/v7-m/nofp\libc_nano.a
LOAD c:/st/stm32cubeide_1.9.0/stm32cubeide/plugins/com.st.stm32cube.ide.mcu.externaltools.gnu-tools-for-stm32.10.3-2021.10.win32_1.0.0.202111181127/tools/bin/../lib/gcc/arm-none-eabi/10.3.1/../../../../arm-none-eabi/lib/thumb/v7-m/nofp\libnosys.a
END GROUP
LOAD c:/st/stm32cubeide_1.9.0/stm32cubeide/plugins/com.st.stm32cube.ide.mcu.externaltools.gnu-tools-for-stm32.10.3-2021.10.win32_1.0.0.202111181127/tools/bin/../lib/gcc/arm-none-eabi/10.3.1/thumb/v7-m/nofp/crtend.o
LOAD c:/st/stm32cubeide_1.9.0/stm32cubeide/plugins/com.st.stm32cube.ide.mcu.externaltools.gnu-tools-for-stm32.10.3-2021.10.win32_1.0.0.202111181127/tools/bin/../lib/gcc/arm-none-eabi/10.3.1/thumb/v7-m/nofp/crtn.o
                0x0000000020005000                _estack = (ORIGIN (RAM) + LENGTH (RAM))
                0x0000000000000200                _Min_Heap_Size = 0x200
                0x0000000000000400                _Min_Stack_Size = 0x400

.isr_vector     0x0000000008000000      0x130
                0x0000000008000000                . = ALIGN (0x4)
 *(.isr_vector)
 .isr_vector    0x0000000008000000      0x130 ./Startup/startup_stm32f103rbtx.o
                0x0000000008000000                g_pfnVectors
                0x0000000008000130                . = ALIGN (0x4)

.text           0x0000000008000130     0x1580
                0x0000000008000130                . = ALIGN (0x4)
 *(.text)
 .text          0x0000000008000130       0x40 c:/st/stm32cubeide_1.9.0/stm32cubeide/plugins/com.st.stm32cube.ide.mcu.externaltools.gnu-tools-for-stm32.10.3-2021.10.win32_1.0.0.202111181127/tools/bin/../lib/gcc/arm-none-eabi/10.3.1/thumb/v7-m/nofp/crtbegin.o
 *(.text*)
 .text.go       0x0000000008000170      0x124 ./Src/project3.o
                0x0000000008000170                go
 .text.down     0x0000000008000294      0x100 ./Src/project3.o
                0x0000000008000294                down
 .text.left     0x0000000008000394      0x120 ./Src/project3.o
                0x0000000008000394                left
 .text.right    0x00000000080004b4      0x128 ./Src/project3.o
                0x00000000080004b4                right
 .text.main     0x00000000080005dc      0x1b4 ./Src/project3.o
                0x00000000080005dc                main
 .text.servo_init
                0x0000000008000790       0xac ./Src/project3.o
                0x0000000008000790                servo_init
 .text.pwm      0x000000000800083c      0x140 ./Src/project3.o
                0x000000000800083c                pwm
 .text.Reset_Handler
                0x000000000800097c       0x50 ./Startup/startup_stm32f103rbtx.o
                0x000000000800097c                Reset_Handler
 .text.Default_Handler
                0x00000000080009cc        0x2 ./Startup/startup_stm32f103rbtx.o
                0x00000000080009cc                EXTI2_IRQHandler
                0x00000000080009cc                TIM8_TRG_COM_IRQHandler
                0x00000000080009cc                TIM8_CC_IRQHandler
                0x00000000080009cc                DebugMon_Handler
                0x00000000080009cc                TIM1_CC_IRQHandler
                0x00000000080009cc                HardFault_Handler
                0x00000000080009cc                TIM6_IRQHandler
                0x00000000080009cc                PVD_IRQHandler
                0x00000000080009cc                SDIO_IRQHandler
                0x00000000080009cc                NMI_Handler
                0x00000000080009cc                EXTI3_IRQHandler
                0x00000000080009cc                USB_HP_CAN_TX_IRQHandler
                0x00000000080009cc                EXTI0_IRQHandler
                0x00000000080009cc                I2C2_EV_IRQHandler
                0x00000000080009cc                ADC1_2_IRQHandler
                0x00000000080009cc                SPI1_IRQHandler
                0x00000000080009cc                CAN_SCE_IRQHandler
                0x00000000080009cc                TAMPER_IRQHandler
                0x00000000080009cc                TIM8_UP_IRQHandler
                0x00000000080009cc                DMA2_Channel2_IRQHandler
                0x00000000080009cc                DMA1_Channel4_IRQHandler
                0x00000000080009cc                USART3_IRQHandler
                0x00000000080009cc                RTC_IRQHandler
                0x00000000080009cc                DMA1_Channel7_IRQHandler
                0x00000000080009cc                UART5_IRQHandler
                0x00000000080009cc                ADC3_IRQHandler
                0x00000000080009cc                TIM4_IRQHandler
                0x00000000080009cc                CAN_RX1_IRQHandler
                0x00000000080009cc                DMA2_Channel1_IRQHandler
                0x00000000080009cc                I2C1_EV_IRQHandler
                0x00000000080009cc                DMA1_Channel6_IRQHandler
                0x00000000080009cc                UART4_IRQHandler
                0x00000000080009cc                TIM3_IRQHandler
                0x00000000080009cc                RCC_IRQHandler
                0x00000000080009cc                TIM1_TRG_COM_IRQHandler
                0x00000000080009cc                DMA1_Channel1_IRQHandler
                0x00000000080009cc                Default_Handler
                0x00000000080009cc                EXTI15_10_IRQHandler
                0x00000000080009cc                TIM7_IRQHandler
                0x00000000080009cc                TIM5_IRQHandler
                0x00000000080009cc                EXTI9_5_IRQHandler
                0x00000000080009cc                SPI2_IRQHandler
                0x00000000080009cc                USB_LP_CAN_RX0_IRQHandler
                0x00000000080009cc                SVC_Handler
                0x00000000080009cc                DMA1_Channel5_IRQHandler
                0x00000000080009cc                EXTI4_IRQHandler
                0x00000000080009cc                DMA1_Channel3_IRQHandler
                0x00000000080009cc                FSMC_IRQHandler
                0x00000000080009cc                TIM1_UP_IRQHandler
                0x00000000080009cc                WWDG_IRQHandler
                0x00000000080009cc                TIM2_IRQHandler
                0x00000000080009cc                TIM1_BRK_IRQHandler
                0x00000000080009cc                EXTI1_IRQHandler
                0x00000000080009cc                RTCAlarm_IRQHandler
                0x00000000080009cc                DMA2_Channel4_5_IRQHandler
                0x00000000080009cc                USART2_IRQHandler
                0x00000000080009cc                I2C2_ER_IRQHandler
                0x00000000080009cc                DMA1_Channel2_IRQHandler
                0x00000000080009cc                TIM8_BRK_IRQHandler
                0x00000000080009cc                FLASH_IRQHandler
                0x00000000080009cc                SPI3_IRQHandler
                0x00000000080009cc                I2C1_ER_IRQHandler
                0x00000000080009cc                DMA2_Channel3_IRQHandler
 *fill*         0x00000000080009ce        0x2 
 .text.gpio_clock_ctl
                0x00000000080009d0       0x98 ./driver/Src/driver_gpio.o
                0x00000000080009d0                gpio_clock_ctl
 .text.gpio_init
                0x0000000008000a68      0x5f6 ./driver/Src/driver_gpio.o
                0x0000000008000a68                gpio_init
 *fill*         0x000000000800105e        0x2 
 .text.configure_sysclk
                0x0000000008001060       0xcc ./driver/Src/driver_rcc.o
                0x0000000008001060                configure_sysclk
 .text.timer_init
                0x000000000800112c       0x4a ./driver/Src/driver_timer.o
                0x000000000800112c                timer_init
 .text.pwm_init
                0x0000000008001176       0xee ./driver/Src/driver_timer.o
                0x0000000008001176                pwm_init
 .text.duty     0x0000000008001264       0x56 ./driver/Src/driver_timer.o
                0x0000000008001264                duty
 .text.timer_enable
                0x00000000080012ba       0x1e ./driver/Src/driver_timer.o
                0x00000000080012ba                timer_enable
 .text.usart_init
                0x00000000080012d8       0xc4 ./driver/Src/driver_usart.o
                0x00000000080012d8                usart_init
 .text.usart_getc
                0x000000000800139c       0x28 ./driver/Src/driver_usart.o
                0x000000000800139c                usart_getc
 .text.USART1_IRQHandler
                0x00000000080013c4       0x80 ./driver/Src/driver_usart.o
                0x00000000080013c4                USART1_IRQHandler
 .text.init_systick_timer
                0x0000000008001444       0x94 ./kernel/Src/sched.o
                0x0000000008001444                init_systick_timer
 .text.SysTick_Handler
                0x00000000080014d8       0xec ./kernel/Src/sched.o
                0x00000000080014d8                SysTick_Handler
 .text.PendSV_Handler
                0x00000000080015c4       0x3c ./kernel/Src/sched.o
                0x00000000080015c4                PendSV_Handler
 .text.get_tick
                0x0000000008001600       0x14 ./kernel/Src/sched.o
                0x0000000008001600                get_tick
 .text.systic_delay
                0x0000000008001614       0x28 ./kernel/Src/sched.o
                0x0000000008001614                systic_delay
 .text.MemManage_Handler
                0x000000000800163c        0x6 ./kernel/Src/sched.o
                0x000000000800163c                MemManage_Handler
 .text.BusFault_Handler
                0x0000000008001642        0x6 ./kernel/Src/sched.o
                0x0000000008001642                BusFault_Handler
 .text.UsageFault_Handler
                0x0000000008001648        0x6 ./kernel/Src/sched.o
                0x0000000008001648                UsageFault_Handler
 *fill*         0x000000000800164e        0x2 
 .text.__libc_init_array
                0x0000000008001650       0x48 c:/st/stm32cubeide_1.9.0/stm32cubeide/plugins/com.st.stm32cube.ide.mcu.externaltools.gnu-tools-for-stm32.10.3-2021.10.win32_1.0.0.202111181127/tools/bin/../lib/gcc/arm-none-eabi/10.3.1/../../../../arm-none-eabi/lib/thumb/v7-m/nofp\libc_nano.a(lib_a-init.o)
                0x0000000008001650                __libc_init_array
 *(.glue_7)
 .glue_7        0x0000000008001698        0x0 linker stubs
 *(.glue_7t)
 .glue_7t       0x0000000008001698        0x0 linker stubs
 *(.eh_frame)
 .eh_frame      0x0000000008001698        0x0 c:/st/stm32cubeide_1.9.0/stm32cubeide/plugins/com.st.stm32cube.ide.mcu.externaltools.gnu-tools-for-stm32.10.3-2021.10.win32_1.0.0.202111181127/tools/bin/../lib/gcc/arm-none-eabi/10.3.1/thumb/v7-m/nofp/crtbegin.o
 *(.init)
 .init          0x0000000008001698        0x4 c:/st/stm32cubeide_1.9.0/stm32cubeide/plugins/com.st.stm32cube.ide.mcu.externaltools.gnu-tools-for-stm32.10.3-2021.10.win32_1.0.0.202111181127/tools/bin/../lib/gcc/arm-none-eabi/10.3.1/thumb/v7-m/nofp/crti.o
                0x0000000008001698                _init
 .init          0x000000000800169c        0x8 c:/st/stm32cubeide_1.9.0/stm32cubeide/plugins/com.st.stm32cube.ide.mcu.externaltools.gnu-tools-for-stm32.10.3-2021.10.win32_1.0.0.202111181127/tools/bin/../lib/gcc/arm-none-eabi/10.3.1/thumb/v7-m/nofp/crtn.o
 *(.fini)
 .fini          0x00000000080016a4        0x4 c:/st/stm32cubeide_1.9.0/stm32cubeide/plugins/com.st.stm32cube.ide.mcu.externaltools.gnu-tools-for-stm32.10.3-2021.10.win32_1.0.0.202111181127/tools/bin/../lib/gcc/arm-none-eabi/10.3.1/thumb/v7-m/nofp/crti.o
                0x00000000080016a4                _fini
 .fini          0x00000000080016a8        0x8 c:/st/stm32cubeide_1.9.0/stm32cubeide/plugins/com.st.stm32cube.ide.mcu.externaltools.gnu-tools-for-stm32.10.3-2021.10.win32_1.0.0.202111181127/tools/bin/../lib/gcc/arm-none-eabi/10.3.1/thumb/v7-m/nofp/crtn.o
                0x00000000080016b0                . = ALIGN (0x4)
                0x00000000080016b0                _etext = .

.vfp11_veneer   0x00000000080016b0        0x0
 .vfp11_veneer  0x00000000080016b0        0x0 linker stubs

.v4_bx          0x00000000080016b0        0x0
 .v4_bx         0x00000000080016b0        0x0 linker stubs

.iplt           0x00000000080016b0        0x0
 .iplt          0x00000000080016b0        0x0 c:/st/stm32cubeide_1.9.0/stm32cubeide/plugins/com.st.stm32cube.ide.mcu.externaltools.gnu-tools-for-stm32.10.3-2021.10.win32_1.0.0.202111181127/tools/bin/../lib/gcc/arm-none-eabi/10.3.1/thumb/v7-m/nofp/crtbegin.o

.rel.dyn        0x00000000080016b0        0x0
 .rel.iplt      0x00000000080016b0        0x0 c:/st/stm32cubeide_1.9.0/stm32cubeide/plugins/com.st.stm32cube.ide.mcu.externaltools.gnu-tools-for-stm32.10.3-2021.10.win32_1.0.0.202111181127/tools/bin/../lib/gcc/arm-none-eabi/10.3.1/thumb/v7-m/nofp/crtbegin.o

.rodata         0x00000000080016b0        0x0
                0x00000000080016b0                . = ALIGN (0x4)
 *(.rodata)
 *(.rodata*)
                0x00000000080016b0                . = ALIGN (0x4)

.ARM.extab      0x00000000080016b0        0x0
                0x00000000080016b0                . = ALIGN (0x4)
 *(.ARM.extab* .gnu.linkonce.armextab.*)
                0x00000000080016b0                . = ALIGN (0x4)

.ARM            0x00000000080016b0        0x0
                0x00000000080016b0                . = ALIGN (0x4)
                0x00000000080016b0                __exidx_start = .
 *(.ARM.exidx*)
                0x00000000080016b0                __exidx_end = .
                0x00000000080016b0                . = ALIGN (0x4)

.preinit_array  0x00000000080016b0        0x0
                0x00000000080016b0                . = ALIGN (0x4)
                0x00000000080016b0                PROVIDE (__preinit_array_start = .)
 *(.preinit_array*)
                0x00000000080016b0                PROVIDE (__preinit_array_end = .)
                0x00000000080016b0                . = ALIGN (0x4)

.init_array     0x00000000080016b0        0x4
                0x00000000080016b0                . = ALIGN (0x4)
                0x00000000080016b0                PROVIDE (__init_array_start = .)
 *(SORT_BY_NAME(.init_array.*))
 *(.init_array*)
 .init_array    0x00000000080016b0        0x4 c:/st/stm32cubeide_1.9.0/stm32cubeide/plugins/com.st.stm32cube.ide.mcu.externaltools.gnu-tools-for-stm32.10.3-2021.10.win32_1.0.0.202111181127/tools/bin/../lib/gcc/arm-none-eabi/10.3.1/thumb/v7-m/nofp/crtbegin.o
                0x00000000080016b4                PROVIDE (__init_array_end = .)
                0x00000000080016b4                . = ALIGN (0x4)

.fini_array     0x00000000080016b4        0x4
                0x00000000080016b4                . = ALIGN (0x4)
                [!provide]                        PROVIDE (__fini_array_start = .)
 *(SORT_BY_NAME(.fini_array.*))
 *(.fini_array*)
 .fini_array    0x00000000080016b4        0x4 c:/st/stm32cubeide_1.9.0/stm32cubeide/plugins/com.st.stm32cube.ide.mcu.externaltools.gnu-tools-for-stm32.10.3-2021.10.win32_1.0.0.202111181127/tools/bin/../lib/gcc/arm-none-eabi/10.3.1/thumb/v7-m/nofp/crtbegin.o
                [!provide]                        PROVIDE (__fini_array_end = .)
                0x00000000080016b8                . = ALIGN (0x4)
                0x00000000080016b8                _sidata = LOADADDR (.data)

.data           0x0000000020000000       0x10 load address 0x00000000080016b8
                0x0000000020000000                . = ALIGN (0x4)
                0x0000000020000000                _sdata = .
 *(.data)
 *(.data*)
 .data.current_prio
                0x0000000020000000        0x4 ./kernel/Src/sched.o
                0x0000000020000000                current_prio
 .data.tmp      0x0000000020000004        0x1 ./kernel/Src/sched.o
                0x0000000020000004                tmp
 *fill*         0x0000000020000005        0x3 
 .data.current_task
                0x0000000020000008        0x4 ./kernel/Src/task.o
                0x0000000020000008                current_task
 .data.next_task
                0x000000002000000c        0x4 ./kernel/Src/task.o
                0x000000002000000c                next_task
 *(.RamFunc)
 *(.RamFunc*)
                0x0000000020000010                . = ALIGN (0x4)
                0x0000000020000010                _edata = .

.igot.plt       0x0000000020000010        0x0 load address 0x00000000080016c8
 .igot.plt      0x0000000020000010        0x0 c:/st/stm32cubeide_1.9.0/stm32cubeide/plugins/com.st.stm32cube.ide.mcu.externaltools.gnu-tools-for-stm32.10.3-2021.10.win32_1.0.0.202111181127/tools/bin/../lib/gcc/arm-none-eabi/10.3.1/thumb/v7-m/nofp/crtbegin.o
                0x0000000020000010                . = ALIGN (0x4)

.bss            0x0000000020000010      0x528 load address 0x00000000080016c8
                0x0000000020000010                _sbss = .
                0x0000000020000010                __bss_start__ = _sbss
 *(.bss)
 .bss           0x0000000020000010       0x1c c:/st/stm32cubeide_1.9.0/stm32cubeide/plugins/com.st.stm32cube.ide.mcu.externaltools.gnu-tools-for-stm32.10.3-2021.10.win32_1.0.0.202111181127/tools/bin/../lib/gcc/arm-none-eabi/10.3.1/thumb/v7-m/nofp/crtbegin.o
 *(.bss*)
 .bss.tick      0x000000002000002c        0x4 ./kernel/Src/sched.o
                0x000000002000002c                tick
 .bss.count     0x0000000020000030        0x4 ./kernel/Src/sched.o
                0x0000000020000030                count
 .bss.TCB       0x0000000020000034      0x400 ./kernel/Src/task.o
                0x0000000020000034                TCB
 .bss.ntask     0x0000000020000434        0x1 ./kernel/Src/task.o
                0x0000000020000434                ntask
 *fill*         0x0000000020000435        0x3 
 .bss.prio_task
                0x0000000020000438      0x100 ./kernel/Src/task.o
                0x0000000020000438                prio_task
 *(COMMON)
                0x0000000020000538                . = ALIGN (0x4)
                0x0000000020000538                _ebss = .
                0x0000000020000538                __bss_end__ = _ebss

._user_heap_stack
                0x0000000020000538      0x600 load address 0x00000000080016c8
                0x0000000020000538                . = ALIGN (0x8)
                [!provide]                        PROVIDE (end = .)
                [!provide]                        PROVIDE (_end = .)
                0x0000000020000738                . = (. + _Min_Heap_Size)
 *fill*         0x0000000020000538      0x200 
                0x0000000020000b38                . = (. + _Min_Stack_Size)
 *fill*         0x0000000020000738      0x400 
                0x0000000020000b38                . = ALIGN (0x8)

/DISCARD/
 libc.a(*)
 libm.a(*)
 libgcc.a(*)

.ARM.attributes
                0x0000000000000000       0x29
 *(.ARM.attributes)
 .ARM.attributes
                0x0000000000000000       0x1d c:/st/stm32cubeide_1.9.0/stm32cubeide/plugins/com.st.stm32cube.ide.mcu.externaltools.gnu-tools-for-stm32.10.3-2021.10.win32_1.0.0.202111181127/tools/bin/../lib/gcc/arm-none-eabi/10.3.1/thumb/v7-m/nofp/crti.o
 .ARM.attributes
                0x000000000000001d       0x2d c:/st/stm32cubeide_1.9.0/stm32cubeide/plugins/com.st.stm32cube.ide.mcu.externaltools.gnu-tools-for-stm32.10.3-2021.10.win32_1.0.0.202111181127/tools/bin/../lib/gcc/arm-none-eabi/10.3.1/thumb/v7-m/nofp/crtbegin.o
 .ARM.attributes
                0x000000000000004a       0x2d ./Src/project3.o
 .ARM.attributes
                0x0000000000000077       0x21 ./Startup/startup_stm32f103rbtx.o
 .ARM.attributes
                0x0000000000000098       0x2d ./driver/Src/driver_gpio.o
 .ARM.attributes
                0x00000000000000c5       0x2d ./driver/Src/driver_rcc.o
 .ARM.attributes
                0x00000000000000f2       0x2d ./driver/Src/driver_timer.o
 .ARM.attributes
                0x000000000000011f       0x2d ./driver/Src/driver_usart.o
 .ARM.attributes
                0x000000000000014c       0x2d ./kernel/Src/sched.o
 .ARM.attributes
                0x0000000000000179       0x2d ./kernel/Src/task.o
 .ARM.attributes
                0x00000000000001a6       0x2d c:/st/stm32cubeide_1.9.0/stm32cubeide/plugins/com.st.stm32cube.ide.mcu.externaltools.gnu-tools-for-stm32.10.3-2021.10.win32_1.0.0.202111181127/tools/bin/../lib/gcc/arm-none-eabi/10.3.1/../../../../arm-none-eabi/lib/thumb/v7-m/nofp\libc_nano.a(lib_a-init.o)
 .ARM.attributes
                0x00000000000001d3       0x1d c:/st/stm32cubeide_1.9.0/stm32cubeide/plugins/com.st.stm32cube.ide.mcu.externaltools.gnu-tools-for-stm32.10.3-2021.10.win32_1.0.0.202111181127/tools/bin/../lib/gcc/arm-none-eabi/10.3.1/thumb/v7-m/nofp/crtn.o
OUTPUT(MCU1.elf elf32-littlearm)
LOAD linker stubs
LOAD c:/st/stm32cubeide_1.9.0/stm32cubeide/plugins/com.st.stm32cube.ide.mcu.externaltools.gnu-tools-for-stm32.10.3-2021.10.win32_1.0.0.202111181127/tools/bin/../lib/gcc/arm-none-eabi/10.3.1/../../../../arm-none-eabi/lib/thumb/v7-m/nofp\libc.a
LOAD c:/st/stm32cubeide_1.9.0/stm32cubeide/plugins/com.st.stm32cube.ide.mcu.externaltools.gnu-tools-for-stm32.10.3-2021.10.win32_1.0.0.202111181127/tools/bin/../lib/gcc/arm-none-eabi/10.3.1/../../../../arm-none-eabi/lib/thumb/v7-m/nofp\libm.a
LOAD c:/st/stm32cubeide_1.9.0/stm32cubeide/plugins/com.st.stm32cube.ide.mcu.externaltools.gnu-tools-for-stm32.10.3-2021.10.win32_1.0.0.202111181127/tools/bin/../lib/gcc/arm-none-eabi/10.3.1/thumb/v7-m/nofp\libgcc.a

.debug_info     0x0000000000000000     0x1afa
 .debug_info    0x0000000000000000      0x735 ./Src/project3.o
 .debug_info    0x0000000000000735       0x22 ./Startup/startup_stm32f103rbtx.o
 .debug_info    0x0000000000000757      0x4e6 ./driver/Src/driver_gpio.o
 .debug_info    0x0000000000000c3d      0x204 ./driver/Src/driver_rcc.o
 .debug_info    0x0000000000000e41      0x305 ./driver/Src/driver_timer.o
 .debug_info    0x0000000000001146      0x423 ./driver/Src/driver_usart.o
 .debug_info    0x0000000000001569      0x312 ./kernel/Src/sched.o
 .debug_info    0x000000000000187b      0x27f ./kernel/Src/task.o

.debug_abbrev   0x0000000000000000      0x870
 .debug_abbrev  0x0000000000000000      0x167 ./Src/project3.o
 .debug_abbrev  0x0000000000000167       0x12 ./Startup/startup_stm32f103rbtx.o
 .debug_abbrev  0x0000000000000179      0x142 ./driver/Src/driver_gpio.o
 .debug_abbrev  0x00000000000002bb       0xbb ./driver/Src/driver_rcc.o
 .debug_abbrev  0x0000000000000376       0xbb ./driver/Src/driver_timer.o
 .debug_abbrev  0x0000000000000431      0x13e ./driver/Src/driver_usart.o
 .debug_abbrev  0x000000000000056f      0x1a9 ./kernel/Src/sched.o
 .debug_abbrev  0x0000000000000718      0x158 ./kernel/Src/task.o

.debug_aranges  0x0000000000000000      0x208
 .debug_aranges
                0x0000000000000000       0x50 ./Src/project3.o
 .debug_aranges
                0x0000000000000050       0x28 ./Startup/startup_stm32f103rbtx.o
 .debug_aranges
                0x0000000000000078       0x58 ./driver/Src/driver_gpio.o
 .debug_aranges
                0x00000000000000d0       0x20 ./driver/Src/driver_rcc.o
 .debug_aranges
                0x00000000000000f0       0x38 ./driver/Src/driver_timer.o
 .debug_aranges
                0x0000000000000128       0x40 ./driver/Src/driver_usart.o
 .debug_aranges
                0x0000000000000168       0x70 ./kernel/Src/sched.o
 .debug_aranges
                0x00000000000001d8       0x30 ./kernel/Src/task.o

.debug_ranges   0x0000000000000000      0x190
 .debug_ranges  0x0000000000000000       0x40 ./Src/project3.o
 .debug_ranges  0x0000000000000040       0x20 ./Startup/startup_stm32f103rbtx.o
 .debug_ranges  0x0000000000000060       0x48 ./driver/Src/driver_gpio.o
 .debug_ranges  0x00000000000000a8       0x10 ./driver/Src/driver_rcc.o
 .debug_ranges  0x00000000000000b8       0x28 ./driver/Src/driver_timer.o
 .debug_ranges  0x00000000000000e0       0x30 ./driver/Src/driver_usart.o
 .debug_ranges  0x0000000000000110       0x60 ./kernel/Src/sched.o
 .debug_ranges  0x0000000000000170       0x20 ./kernel/Src/task.o

.debug_macro    0x0000000000000000     0x2a24
 .debug_macro   0x0000000000000000      0x270 ./Src/project3.o
 .debug_macro   0x0000000000000270      0xa78 ./Src/project3.o
 .debug_macro   0x0000000000000ce8       0x22 ./Src/project3.o
 .debug_macro   0x0000000000000d0a       0x8e ./Src/project3.o
 .debug_macro   0x0000000000000d98       0x51 ./Src/project3.o
 .debug_macro   0x0000000000000de9      0x103 ./Src/project3.o
 .debug_macro   0x0000000000000eec       0x6a ./Src/project3.o
 .debug_macro   0x0000000000000f56      0x1df ./Src/project3.o
 .debug_macro   0x0000000000001135      0x313 ./Src/project3.o
 .debug_macro   0x0000000000001448       0x7c ./Src/project3.o
 .debug_macro   0x00000000000014c4       0xca ./Src/project3.o
 .debug_macro   0x000000000000158e       0x88 ./Src/project3.o
 .debug_macro   0x0000000000001616       0x1c ./Src/project3.o
 .debug_macro   0x0000000000001632       0x28 ./Src/project3.o
 .debug_macro   0x000000000000165a       0x52 ./Src/project3.o
 .debug_macro   0x00000000000016ac       0x18 ./Src/project3.o
 .debug_macro   0x00000000000016c4       0x3c ./Src/project3.o
 .debug_macro   0x0000000000001700       0x34 ./Src/project3.o
 .debug_macro   0x0000000000001734       0x16 ./Src/project3.o
 .debug_macro   0x000000000000174a       0x97 ./Src/project3.o
 .debug_macro   0x00000000000017e1      0x341 ./Src/project3.o
 .debug_macro   0x0000000000001b22       0xfd ./Src/project3.o
 .debug_macro   0x0000000000001c1f       0x10 ./Src/project3.o
 .debug_macro   0x0000000000001c2f       0x16 ./Src/project3.o
 .debug_macro   0x0000000000001c45       0x43 ./Src/project3.o
 .debug_macro   0x0000000000001c88       0x34 ./Src/project3.o
 .debug_macro   0x0000000000001cbc       0x10 ./Src/project3.o
 .debug_macro   0x0000000000001ccc       0x58 ./Src/project3.o
 .debug_macro   0x0000000000001d24       0x71 ./Src/project3.o
 .debug_macro   0x0000000000001d95       0x1c ./Src/project3.o
 .debug_macro   0x0000000000001db1      0x12a ./Src/project3.o
 .debug_macro   0x0000000000001edb       0x10 ./Src/project3.o
 .debug_macro   0x0000000000001eeb       0x1c ./Src/project3.o
 .debug_macro   0x0000000000001f07       0x52 ./Src/project3.o
 .debug_macro   0x0000000000001f59       0x22 ./Src/project3.o
 .debug_macro   0x0000000000001f7b       0x10 ./Src/project3.o
 .debug_macro   0x0000000000001f8b       0x52 ./Src/project3.o
 .debug_macro   0x0000000000001fdd       0xd5 ./Src/project3.o
 .debug_macro   0x00000000000020b2       0x1c ./Src/project3.o
 .debug_macro   0x00000000000020ce       0x3d ./Src/project3.o
 .debug_macro   0x000000000000210b       0x16 ./Src/project3.o
 .debug_macro   0x0000000000002121      0x145 ./Src/project3.o
 .debug_macro   0x0000000000002266       0x34 ./Src/project3.o
 .debug_macro   0x000000000000229a       0x16 ./Src/project3.o
 .debug_macro   0x00000000000022b0       0x3a ./Src/project3.o
 .debug_macro   0x00000000000022ea       0xd3 ./driver/Src/driver_gpio.o
 .debug_macro   0x00000000000023bd       0xd3 ./driver/Src/driver_rcc.o
 .debug_macro   0x0000000000002490       0xd3 ./driver/Src/driver_timer.o
 .debug_macro   0x0000000000002563       0xd3 ./driver/Src/driver_usart.o
 .debug_macro   0x0000000000002636      0x1f7 ./kernel/Src/sched.o
 .debug_macro   0x000000000000282d      0x1f7 ./kernel/Src/task.o

.debug_line     0x0000000000000000     0x3309
 .debug_line    0x0000000000000000      0x891 ./Src/project3.o
 .debug_line    0x0000000000000891       0x84 ./Startup/startup_stm32f103rbtx.o
 .debug_line    0x0000000000000915      0xc57 ./driver/Src/driver_gpio.o
 .debug_line    0x000000000000156c      0x4ed ./driver/Src/driver_rcc.o
 .debug_line    0x0000000000001a59      0x51d ./driver/Src/driver_timer.o
 .debug_line    0x0000000000001f76      0x54d ./driver/Src/driver_usart.o
 .debug_line    0x00000000000024c3      0x770 ./kernel/Src/sched.o
 .debug_line    0x0000000000002c33      0x6d6 ./kernel/Src/task.o

.debug_str      0x0000000000000000     0x9d53
 .debug_str     0x0000000000000000     0x9a3f ./Src/project3.o
                                       0x9c48 (size before relaxing)
 .debug_str     0x0000000000009a3f       0x31 ./Startup/startup_stm32f103rbtx.o
                                         0x58 (size before relaxing)
 .debug_str     0x0000000000009a70       0xe2 ./driver/Src/driver_gpio.o
                                       0x596c (size before relaxing)
 .debug_str     0x0000000000009b52       0x26 ./driver/Src/driver_rcc.o
                                       0x5888 (size before relaxing)
 .debug_str     0x0000000000009b78       0x28 ./driver/Src/driver_timer.o
                                       0x58a7 (size before relaxing)
 .debug_str     0x0000000000009ba0       0x50 ./driver/Src/driver_usart.o
                                       0x58fe (size before relaxing)
 .debug_str     0x0000000000009bf0      0x107 ./kernel/Src/sched.o
                                       0x7ee4 (size before relaxing)
 .debug_str     0x0000000000009cf7       0x5c ./kernel/Src/task.o
                                       0x7e66 (size before relaxing)

.comment        0x0000000000000000       0x50
 .comment       0x0000000000000000       0x50 ./Src/project3.o
                                         0x51 (size before relaxing)
 .comment       0x0000000000000050       0x51 ./driver/Src/driver_gpio.o
 .comment       0x0000000000000050       0x51 ./driver/Src/driver_rcc.o
 .comment       0x0000000000000050       0x51 ./driver/Src/driver_timer.o
 .comment       0x0000000000000050       0x51 ./driver/Src/driver_usart.o
 .comment       0x0000000000000050       0x51 ./kernel/Src/sched.o
 .comment       0x0000000000000050       0x51 ./kernel/Src/task.o

.debug_frame    0x0000000000000000      0x60c
 .debug_frame   0x0000000000000000      0x108 ./Src/project3.o
 .debug_frame   0x0000000000000108      0x150 ./driver/Src/driver_gpio.o
 .debug_frame   0x0000000000000258       0x38 ./driver/Src/driver_rcc.o
 .debug_frame   0x0000000000000290       0xb0 ./driver/Src/driver_timer.o
 .debug_frame   0x0000000000000340       0xd0 ./driver/Src/driver_usart.o
 .debug_frame   0x0000000000000410      0x15c ./kernel/Src/sched.o
 .debug_frame   0x000000000000056c       0x74 ./kernel/Src/task.o
 .debug_frame   0x00000000000005e0       0x2c c:/st/stm32cubeide_1.9.0/stm32cubeide/plugins/com.st.stm32cube.ide.mcu.externaltools.gnu-tools-for-stm32.10.3-2021.10.win32_1.0.0.202111181127/tools/bin/../lib/gcc/arm-none-eabi/10.3.1/../../../../arm-none-eabi/lib/thumb/v7-m/nofp\libc_nano.a(lib_a-init.o)
